=== RUN   TestMigrationUpdaterSourceSelection
=== RUN   TestMigrationUpdaterSourceSelection/probe/api-empty-array
=== RUN   TestMigrationUpdaterSourceSelection/probe/api-minimal-object
=== RUN   TestMigrationUpdaterSourceSelection/probe/api-empty-object
=== RUN   TestMigrationUpdaterSourceSelection/probe/api-null-element
=== RUN   TestMigrationUpdaterSourceSelection/probe/api-unknown-field
=== RUN   TestMigrationUpdaterSourceSelection/probe/api-null-fields
=== RUN   TestMigrationUpdaterSourceSelection/probe/api-null
=== RUN   TestMigrationUpdaterSourceSelection/probe/api-object
=== RUN   TestMigrationUpdaterSourceSelection/probe/api-string
=== RUN   TestMigrationUpdaterSourceSelection/probe/api-number-element
=== RUN   TestMigrationUpdaterSourceSelection/probe/api-string-element
=== RUN   TestMigrationUpdaterSourceSelection/probe/api-tag-number
=== RUN   TestMigrationUpdaterSourceSelection/probe/api-draft-string
=== RUN   TestMigrationUpdaterSourceSelection/probe/api-prerelease-number
=== RUN   TestMigrationUpdaterSourceSelection/probe/api-empty
=== RUN   TestMigrationUpdaterSourceSelection/probe/api-html
=== RUN   TestMigrationUpdaterSourceSelection/probe/api-second-array
=== RUN   TestMigrationUpdaterSourceSelection/probe/api-second-null
=== RUN   TestMigrationUpdaterSourceSelection/probe/api-trailing-junk
=== RUN   TestMigrationUpdaterSourceSelection/probe/api-trailing-whitespace
=== RUN   TestMigrationUpdaterSourceSelection/probe/api-truncated
=== RUN   TestMigrationUpdaterSourceSelection/probe/api-read-error
=== RUN   TestMigrationUpdaterSourceSelection/probe/api-error-with-array
=== RUN   TestMigrationUpdaterSourceSelection/probe/api-close-error-ignored
=== RUN   TestMigrationUpdaterSourceSelection/probe/api-status-204
=== RUN   TestMigrationUpdaterSourceSelection/probe/api-status-404
=== RUN   TestMigrationUpdaterSourceSelection/probe/asset-opaque
=== RUN   TestMigrationUpdaterSourceSelection/probe/asset-empty
=== RUN   TestMigrationUpdaterSourceSelection/probe/asset-html-accepted
=== RUN   TestMigrationUpdaterSourceSelection/probe/asset-two-json-values-accepted
=== RUN   TestMigrationUpdaterSourceSelection/probe/asset-read-error
=== RUN   TestMigrationUpdaterSourceSelection/probe/asset-error-with-prefix
=== RUN   TestMigrationUpdaterSourceSelection/probe/asset-close-error-ignored
=== RUN   TestMigrationUpdaterSourceSelection/probe/asset-status-206
=== RUN   TestMigrationUpdaterSourceSelection/probe/api-transport-error
=== RUN   TestMigrationUpdaterSourceSelection/probe/asset-transport-error
=== RUN   TestMigrationUpdaterSourceSelection/probe/api-nil-response
=== RUN   TestMigrationUpdaterSourceSelection/probe/asset-nil-body
=== RUN   TestMigrationUpdaterSourceSelection/probe/api-nil-body
=== RUN   TestMigrationUpdaterSourceSelection/probe/api-future-deadline-inherited
=== RUN   TestMigrationUpdaterSourceSelection/race/GitHub_Releases_API/first
=== RUN   TestMigrationUpdaterSourceSelection/race/GitHub_Releases_API/third
=== RUN   TestMigrationUpdaterSourceSelection/race/GitHub_Releases_API/fourth
=== RUN   TestMigrationUpdaterSourceSelection/race/release_asset/first
=== RUN   TestMigrationUpdaterSourceSelection/race/release_asset/third
=== RUN   TestMigrationUpdaterSourceSelection/race/release_asset/fourth
=== RUN   TestMigrationUpdaterSourceSelection/all-failure/fourth-first-third
=== RUN   TestMigrationUpdaterSourceSelection/all-failure/third-fourth-first
=== RUN   TestMigrationUpdaterSourceSelection/parent-cancel-in-flight
=== NAME  TestMigrationUpdaterSourceSelection
    migration_connected_test.go:795: replayed 200 rows, 313879 bytes exactly
--- PASS: TestMigrationUpdaterSourceSelection (0.02s)
    --- PASS: TestMigrationUpdaterSourceSelection/probe/api-empty-array (0.00s)
    --- PASS: TestMigrationUpdaterSourceSelection/probe/api-minimal-object (0.00s)
    --- PASS: TestMigrationUpdaterSourceSelection/probe/api-empty-object (0.00s)
    --- PASS: TestMigrationUpdaterSourceSelection/probe/api-null-element (0.00s)
    --- PASS: TestMigrationUpdaterSourceSelection/probe/api-unknown-field (0.00s)
    --- PASS: TestMigrationUpdaterSourceSelection/probe/api-null-fields (0.00s)
    --- PASS: TestMigrationUpdaterSourceSelection/probe/api-null (0.00s)
    --- PASS: TestMigrationUpdaterSourceSelection/probe/api-object (0.00s)
    --- PASS: TestMigrationUpdaterSourceSelection/probe/api-string (0.00s)
    --- PASS: TestMigrationUpdaterSourceSelection/probe/api-number-element (0.00s)
    --- PASS: TestMigrationUpdaterSourceSelection/probe/api-string-element (0.00s)
    --- PASS: TestMigrationUpdaterSourceSelection/probe/api-tag-number (0.00s)
    --- PASS: TestMigrationUpdaterSourceSelection/probe/api-draft-string (0.00s)
    --- PASS: TestMigrationUpdaterSourceSelection/probe/api-prerelease-number (0.00s)
    --- PASS: TestMigrationUpdaterSourceSelection/probe/api-empty (0.00s)
    --- PASS: TestMigrationUpdaterSourceSelection/probe/api-html (0.00s)
    --- PASS: TestMigrationUpdaterSourceSelection/probe/api-second-array (0.00s)
    --- PASS: TestMigrationUpdaterSourceSelection/probe/api-second-null (0.00s)
    --- PASS: TestMigrationUpdaterSourceSelection/probe/api-trailing-junk (0.00s)
    --- PASS: TestMigrationUpdaterSourceSelection/probe/api-trailing-whitespace (0.00s)
    --- PASS: TestMigrationUpdaterSourceSelection/probe/api-truncated (0.00s)
    --- PASS: TestMigrationUpdaterSourceSelection/probe/api-read-error (0.00s)
    --- PASS: TestMigrationUpdaterSourceSelection/probe/api-error-with-array (0.00s)
    --- PASS: TestMigrationUpdaterSourceSelection/probe/api-close-error-ignored (0.00s)
    --- PASS: TestMigrationUpdaterSourceSelection/probe/api-status-204 (0.00s)
    --- PASS: TestMigrationUpdaterSourceSelection/probe/api-status-404 (0.00s)
    --- PASS: TestMigrationUpdaterSourceSelection/probe/asset-opaque (0.00s)
    --- PASS: TestMigrationUpdaterSourceSelection/probe/asset-empty (0.00s)
    --- PASS: TestMigrationUpdaterSourceSelection/probe/asset-html-accepted (0.00s)
    --- PASS: TestMigrationUpdaterSourceSelection/probe/asset-two-json-values-accepted (0.00s)
    --- PASS: TestMigrationUpdaterSourceSelection/probe/asset-read-error (0.00s)
    --- PASS: TestMigrationUpdaterSourceSelection/probe/asset-error-with-prefix (0.00s)
    --- PASS: TestMigrationUpdaterSourceSelection/probe/asset-close-error-ignored (0.00s)
    --- PASS: TestMigrationUpdaterSourceSelection/probe/asset-status-206 (0.00s)
    --- PASS: TestMigrationUpdaterSourceSelection/probe/api-transport-error (0.00s)
    --- PASS: TestMigrationUpdaterSourceSelection/probe/asset-transport-error (0.00s)
    --- PASS: TestMigrationUpdaterSourceSelection/probe/api-nil-response (0.00s)
    --- PASS: TestMigrationUpdaterSourceSelection/probe/asset-nil-body (0.00s)
    --- PASS: TestMigrationUpdaterSourceSelection/probe/api-nil-body (0.00s)
    --- PASS: TestMigrationUpdaterSourceSelection/probe/api-future-deadline-inherited (0.00s)
    --- PASS: TestMigrationUpdaterSourceSelection/race/GitHub_Releases_API/first (0.00s)
    --- PASS: TestMigrationUpdaterSourceSelection/race/GitHub_Releases_API/third (0.00s)
    --- PASS: TestMigrationUpdaterSourceSelection/race/GitHub_Releases_API/fourth (0.00s)
    --- PASS: TestMigrationUpdaterSourceSelection/race/release_asset/first (0.00s)
    --- PASS: TestMigrationUpdaterSourceSelection/race/release_asset/third (0.00s)
    --- PASS: TestMigrationUpdaterSourceSelection/race/release_asset/fourth (0.00s)
    --- PASS: TestMigrationUpdaterSourceSelection/all-failure/fourth-first-third (0.00s)
    --- PASS: TestMigrationUpdaterSourceSelection/all-failure/third-fourth-first (0.00s)
    --- PASS: TestMigrationUpdaterSourceSelection/parent-cancel-in-flight (0.00s)
=== RUN   TestMigrationUpdaterSourceSelection
=== RUN   TestMigrationUpdaterSourceSelection/probe/api-empty-array
=== RUN   TestMigrationUpdaterSourceSelection/probe/api-minimal-object
=== RUN   TestMigrationUpdaterSourceSelection/probe/api-empty-object
=== RUN   TestMigrationUpdaterSourceSelection/probe/api-null-element
=== RUN   TestMigrationUpdaterSourceSelection/probe/api-unknown-field
=== RUN   TestMigrationUpdaterSourceSelection/probe/api-null-fields
=== RUN   TestMigrationUpdaterSourceSelection/probe/api-null
=== RUN   TestMigrationUpdaterSourceSelection/probe/api-object
=== RUN   TestMigrationUpdaterSourceSelection/probe/api-string
=== RUN   TestMigrationUpdaterSourceSelection/probe/api-number-element
=== RUN   TestMigrationUpdaterSourceSelection/probe/api-string-element
=== RUN   TestMigrationUpdaterSourceSelection/probe/api-tag-number
=== RUN   TestMigrationUpdaterSourceSelection/probe/api-draft-string
=== RUN   TestMigrationUpdaterSourceSelection/probe/api-prerelease-number
=== RUN   TestMigrationUpdaterSourceSelection/probe/api-empty
=== RUN   TestMigrationUpdaterSourceSelection/probe/api-html
=== RUN   TestMigrationUpdaterSourceSelection/probe/api-second-array
=== RUN   TestMigrationUpdaterSourceSelection/probe/api-second-null
=== RUN   TestMigrationUpdaterSourceSelection/probe/api-trailing-junk
=== RUN   TestMigrationUpdaterSourceSelection/probe/api-trailing-whitespace
=== RUN   TestMigrationUpdaterSourceSelection/probe/api-truncated
=== RUN   TestMigrationUpdaterSourceSelection/probe/api-read-error
=== RUN   TestMigrationUpdaterSourceSelection/probe/api-error-with-array
=== RUN   TestMigrationUpdaterSourceSelection/probe/api-close-error-ignored
=== RUN   TestMigrationUpdaterSourceSelection/probe/api-status-204
=== RUN   TestMigrationUpdaterSourceSelection/probe/api-status-404
=== RUN   TestMigrationUpdaterSourceSelection/probe/asset-opaque
=== RUN   TestMigrationUpdaterSourceSelection/probe/asset-empty
=== RUN   TestMigrationUpdaterSourceSelection/probe/asset-html-accepted
=== RUN   TestMigrationUpdaterSourceSelection/probe/asset-two-json-values-accepted
=== RUN   TestMigrationUpdaterSourceSelection/probe/asset-read-error
=== RUN   TestMigrationUpdaterSourceSelection/probe/asset-error-with-prefix
=== RUN   TestMigrationUpdaterSourceSelection/probe/asset-close-error-ignored
=== RUN   TestMigrationUpdaterSourceSelection/probe/asset-status-206
=== RUN   TestMigrationUpdaterSourceSelection/probe/api-transport-error
=== RUN   TestMigrationUpdaterSourceSelection/probe/asset-transport-error
=== RUN   TestMigrationUpdaterSourceSelection/probe/api-nil-response
=== RUN   TestMigrationUpdaterSourceSelection/probe/asset-nil-body
=== RUN   TestMigrationUpdaterSourceSelection/probe/api-nil-body
=== RUN   TestMigrationUpdaterSourceSelection/probe/api-future-deadline-inherited
=== RUN   TestMigrationUpdaterSourceSelection/race/GitHub_Releases_API/first
=== RUN   TestMigrationUpdaterSourceSelection/race/GitHub_Releases_API/third
=== RUN   TestMigrationUpdaterSourceSelection/race/GitHub_Releases_API/fourth
=== RUN   TestMigrationUpdaterSourceSelection/race/release_asset/first
=== RUN   TestMigrationUpdaterSourceSelection/race/release_asset/third
=== RUN   TestMigrationUpdaterSourceSelection/race/release_asset/fourth
=== RUN   TestMigrationUpdaterSourceSelection/all-failure/fourth-first-third
=== RUN   TestMigrationUpdaterSourceSelection/all-failure/third-fourth-first
=== RUN   TestMigrationUpdaterSourceSelection/parent-cancel-in-flight
=== NAME  TestMigrationUpdaterSourceSelection
    migration_connected_test.go:795: replayed 200 rows, 313879 bytes exactly
--- PASS: TestMigrationUpdaterSourceSelection (0.02s)
    --- PASS: TestMigrationUpdaterSourceSelection/probe/api-empty-array (0.00s)
    --- PASS: TestMigrationUpdaterSourceSelection/probe/api-minimal-object (0.00s)
    --- PASS: TestMigrationUpdaterSourceSelection/probe/api-empty-object (0.00s)
    --- PASS: TestMigrationUpdaterSourceSelection/probe/api-null-element (0.00s)
    --- PASS: TestMigrationUpdaterSourceSelection/probe/api-unknown-field (0.00s)
    --- PASS: TestMigrationUpdaterSourceSelection/probe/api-null-fields (0.00s)
    --- PASS: TestMigrationUpdaterSourceSelection/probe/api-null (0.00s)
    --- PASS: TestMigrationUpdaterSourceSelection/probe/api-object (0.00s)
    --- PASS: TestMigrationUpdaterSourceSelection/probe/api-string (0.00s)
    --- PASS: TestMigrationUpdaterSourceSelection/probe/api-number-element (0.00s)
    --- PASS: TestMigrationUpdaterSourceSelection/probe/api-string-element (0.00s)
    --- PASS: TestMigrationUpdaterSourceSelection/probe/api-tag-number (0.00s)
    --- PASS: TestMigrationUpdaterSourceSelection/probe/api-draft-string (0.00s)
    --- PASS: TestMigrationUpdaterSourceSelection/probe/api-prerelease-number (0.00s)
    --- PASS: TestMigrationUpdaterSourceSelection/probe/api-empty (0.00s)
    --- PASS: TestMigrationUpdaterSourceSelection/probe/api-html (0.00s)
    --- PASS: TestMigrationUpdaterSourceSelection/probe/api-second-array (0.00s)
    --- PASS: TestMigrationUpdaterSourceSelection/probe/api-second-null (0.00s)
    --- PASS: TestMigrationUpdaterSourceSelection/probe/api-trailing-junk (0.00s)
    --- PASS: TestMigrationUpdaterSourceSelection/probe/api-trailing-whitespace (0.00s)
    --- PASS: TestMigrationUpdaterSourceSelection/probe/api-truncated (0.00s)
    --- PASS: TestMigrationUpdaterSourceSelection/probe/api-read-error (0.00s)
    --- PASS: TestMigrationUpdaterSourceSelection/probe/api-error-with-array (0.00s)
    --- PASS: TestMigrationUpdaterSourceSelection/probe/api-close-error-ignored (0.00s)
    --- PASS: TestMigrationUpdaterSourceSelection/probe/api-status-204 (0.00s)
    --- PASS: TestMigrationUpdaterSourceSelection/probe/api-status-404 (0.00s)
    --- PASS: TestMigrationUpdaterSourceSelection/probe/asset-opaque (0.00s)
    --- PASS: TestMigrationUpdaterSourceSelection/probe/asset-empty (0.00s)
    --- PASS: TestMigrationUpdaterSourceSelection/probe/asset-html-accepted (0.00s)
    --- PASS: TestMigrationUpdaterSourceSelection/probe/asset-two-json-values-accepted (0.00s)
    --- PASS: TestMigrationUpdaterSourceSelection/probe/asset-read-error (0.00s)
    --- PASS: TestMigrationUpdaterSourceSelection/probe/asset-error-with-prefix (0.00s)
    --- PASS: TestMigrationUpdaterSourceSelection/probe/asset-close-error-ignored (0.00s)
    --- PASS: TestMigrationUpdaterSourceSelection/probe/asset-status-206 (0.00s)
    --- PASS: TestMigrationUpdaterSourceSelection/probe/api-transport-error (0.00s)
    --- PASS: TestMigrationUpdaterSourceSelection/probe/asset-transport-error (0.00s)
    --- PASS: TestMigrationUpdaterSourceSelection/probe/api-nil-response (0.00s)
    --- PASS: TestMigrationUpdaterSourceSelection/probe/asset-nil-body (0.00s)
    --- PASS: TestMigrationUpdaterSourceSelection/probe/api-nil-body (0.00s)
    --- PASS: TestMigrationUpdaterSourceSelection/probe/api-future-deadline-inherited (0.00s)
    --- PASS: TestMigrationUpdaterSourceSelection/race/GitHub_Releases_API/first (0.00s)
    --- PASS: TestMigrationUpdaterSourceSelection/race/GitHub_Releases_API/third (0.00s)
    --- PASS: TestMigrationUpdaterSourceSelection/race/GitHub_Releases_API/fourth (0.00s)
    --- PASS: TestMigrationUpdaterSourceSelection/race/release_asset/first (0.00s)
    --- PASS: TestMigrationUpdaterSourceSelection/race/release_asset/third (0.00s)
    --- PASS: TestMigrationUpdaterSourceSelection/race/release_asset/fourth (0.00s)
    --- PASS: TestMigrationUpdaterSourceSelection/all-failure/fourth-first-third (0.00s)
    --- PASS: TestMigrationUpdaterSourceSelection/all-failure/third-fourth-first (0.00s)
    --- PASS: TestMigrationUpdaterSourceSelection/parent-cancel-in-flight (0.00s)
=== RUN   TestMigrationUpdaterSourceSelection
=== RUN   TestMigrationUpdaterSourceSelection/probe/api-empty-array
=== RUN   TestMigrationUpdaterSourceSelection/probe/api-minimal-object
=== RUN   TestMigrationUpdaterSourceSelection/probe/api-empty-object
=== RUN   TestMigrationUpdaterSourceSelection/probe/api-null-element
=== RUN   TestMigrationUpdaterSourceSelection/probe/api-unknown-field
=== RUN   TestMigrationUpdaterSourceSelection/probe/api-null-fields
=== RUN   TestMigrationUpdaterSourceSelection/probe/api-null
=== RUN   TestMigrationUpdaterSourceSelection/probe/api-object
=== RUN   TestMigrationUpdaterSourceSelection/probe/api-string
=== RUN   TestMigrationUpdaterSourceSelection/probe/api-number-element
=== RUN   TestMigrationUpdaterSourceSelection/probe/api-string-element
=== RUN   TestMigrationUpdaterSourceSelection/probe/api-tag-number
=== RUN   TestMigrationUpdaterSourceSelection/probe/api-draft-string
=== RUN   TestMigrationUpdaterSourceSelection/probe/api-prerelease-number
=== RUN   TestMigrationUpdaterSourceSelection/probe/api-empty
=== RUN   TestMigrationUpdaterSourceSelection/probe/api-html
=== RUN   TestMigrationUpdaterSourceSelection/probe/api-second-array
=== RUN   TestMigrationUpdaterSourceSelection/probe/api-second-null
=== RUN   TestMigrationUpdaterSourceSelection/probe/api-trailing-junk
=== RUN   TestMigrationUpdaterSourceSelection/probe/api-trailing-whitespace
=== RUN   TestMigrationUpdaterSourceSelection/probe/api-truncated
=== RUN   TestMigrationUpdaterSourceSelection/probe/api-read-error
=== RUN   TestMigrationUpdaterSourceSelection/probe/api-error-with-array
=== RUN   TestMigrationUpdaterSourceSelection/probe/api-close-error-ignored
=== RUN   TestMigrationUpdaterSourceSelection/probe/api-status-204
=== RUN   TestMigrationUpdaterSourceSelection/probe/api-status-404
=== RUN   TestMigrationUpdaterSourceSelection/probe/asset-opaque
=== RUN   TestMigrationUpdaterSourceSelection/probe/asset-empty
=== RUN   TestMigrationUpdaterSourceSelection/probe/asset-html-accepted
=== RUN   TestMigrationUpdaterSourceSelection/probe/asset-two-json-values-accepted
=== RUN   TestMigrationUpdaterSourceSelection/probe/asset-read-error
=== RUN   TestMigrationUpdaterSourceSelection/probe/asset-error-with-prefix
=== RUN   TestMigrationUpdaterSourceSelection/probe/asset-close-error-ignored
=== RUN   TestMigrationUpdaterSourceSelection/probe/asset-status-206
=== RUN   TestMigrationUpdaterSourceSelection/probe/api-transport-error
=== RUN   TestMigrationUpdaterSourceSelection/probe/asset-transport-error
=== RUN   TestMigrationUpdaterSourceSelection/probe/api-nil-response
=== RUN   TestMigrationUpdaterSourceSelection/probe/asset-nil-body
=== RUN   TestMigrationUpdaterSourceSelection/probe/api-nil-body
=== RUN   TestMigrationUpdaterSourceSelection/probe/api-future-deadline-inherited
=== RUN   TestMigrationUpdaterSourceSelection/race/GitHub_Releases_API/first
=== RUN   TestMigrationUpdaterSourceSelection/race/GitHub_Releases_API/third
=== RUN   TestMigrationUpdaterSourceSelection/race/GitHub_Releases_API/fourth
=== RUN   TestMigrationUpdaterSourceSelection/race/release_asset/first
=== RUN   TestMigrationUpdaterSourceSelection/race/release_asset/third
=== RUN   TestMigrationUpdaterSourceSelection/race/release_asset/fourth
=== RUN   TestMigrationUpdaterSourceSelection/all-failure/fourth-first-third
=== RUN   TestMigrationUpdaterSourceSelection/all-failure/third-fourth-first
=== RUN   TestMigrationUpdaterSourceSelection/parent-cancel-in-flight
=== NAME  TestMigrationUpdaterSourceSelection
    migration_connected_test.go:795: replayed 200 rows, 313879 bytes exactly
--- PASS: TestMigrationUpdaterSourceSelection (0.02s)
    --- PASS: TestMigrationUpdaterSourceSelection/probe/api-empty-array (0.00s)
    --- PASS: TestMigrationUpdaterSourceSelection/probe/api-minimal-object (0.00s)
    --- PASS: TestMigrationUpdaterSourceSelection/probe/api-empty-object (0.00s)
    --- PASS: TestMigrationUpdaterSourceSelection/probe/api-null-element (0.00s)
    --- PASS: TestMigrationUpdaterSourceSelection/probe/api-unknown-field (0.00s)
    --- PASS: TestMigrationUpdaterSourceSelection/probe/api-null-fields (0.00s)
    --- PASS: TestMigrationUpdaterSourceSelection/probe/api-null (0.00s)
    --- PASS: TestMigrationUpdaterSourceSelection/probe/api-object (0.00s)
    --- PASS: TestMigrationUpdaterSourceSelection/probe/api-string (0.00s)
    --- PASS: TestMigrationUpdaterSourceSelection/probe/api-number-element (0.00s)
    --- PASS: TestMigrationUpdaterSourceSelection/probe/api-string-element (0.00s)
    --- PASS: TestMigrationUpdaterSourceSelection/probe/api-tag-number (0.00s)
    --- PASS: TestMigrationUpdaterSourceSelection/probe/api-draft-string (0.00s)
    --- PASS: TestMigrationUpdaterSourceSelection/probe/api-prerelease-number (0.00s)
    --- PASS: TestMigrationUpdaterSourceSelection/probe/api-empty (0.00s)
    --- PASS: TestMigrationUpdaterSourceSelection/probe/api-html (0.00s)
    --- PASS: TestMigrationUpdaterSourceSelection/probe/api-second-array (0.00s)
    --- PASS: TestMigrationUpdaterSourceSelection/probe/api-second-null (0.00s)
    --- PASS: TestMigrationUpdaterSourceSelection/probe/api-trailing-junk (0.00s)
    --- PASS: TestMigrationUpdaterSourceSelection/probe/api-trailing-whitespace (0.00s)
    --- PASS: TestMigrationUpdaterSourceSelection/probe/api-truncated (0.00s)
    --- PASS: TestMigrationUpdaterSourceSelection/probe/api-read-error (0.00s)
    --- PASS: TestMigrationUpdaterSourceSelection/probe/api-error-with-array (0.00s)
    --- PASS: TestMigrationUpdaterSourceSelection/probe/api-close-error-ignored (0.00s)
    --- PASS: TestMigrationUpdaterSourceSelection/probe/api-status-204 (0.00s)
    --- PASS: TestMigrationUpdaterSourceSelection/probe/api-status-404 (0.00s)
    --- PASS: TestMigrationUpdaterSourceSelection/probe/asset-opaque (0.00s)
    --- PASS: TestMigrationUpdaterSourceSelection/probe/asset-empty (0.00s)
    --- PASS: TestMigrationUpdaterSourceSelection/probe/asset-html-accepted (0.00s)
    --- PASS: TestMigrationUpdaterSourceSelection/probe/asset-two-json-values-accepted (0.00s)
    --- PASS: TestMigrationUpdaterSourceSelection/probe/asset-read-error (0.00s)
    --- PASS: TestMigrationUpdaterSourceSelection/probe/asset-error-with-prefix (0.00s)
    --- PASS: TestMigrationUpdaterSourceSelection/probe/asset-close-error-ignored (0.00s)
    --- PASS: TestMigrationUpdaterSourceSelection/probe/asset-status-206 (0.00s)
    --- PASS: TestMigrationUpdaterSourceSelection/probe/api-transport-error (0.00s)
    --- PASS: TestMigrationUpdaterSourceSelection/probe/asset-transport-error (0.00s)
    --- PASS: TestMigrationUpdaterSourceSelection/probe/api-nil-response (0.00s)
    --- PASS: TestMigrationUpdaterSourceSelection/probe/asset-nil-body (0.00s)
    --- PASS: TestMigrationUpdaterSourceSelection/probe/api-nil-body (0.00s)
    --- PASS: TestMigrationUpdaterSourceSelection/probe/api-future-deadline-inherited (0.00s)
    --- PASS: TestMigrationUpdaterSourceSelection/race/GitHub_Releases_API/first (0.00s)
    --- PASS: TestMigrationUpdaterSourceSelection/race/GitHub_Releases_API/third (0.00s)
    --- PASS: TestMigrationUpdaterSourceSelection/race/GitHub_Releases_API/fourth (0.00s)
    --- PASS: TestMigrationUpdaterSourceSelection/race/release_asset/first (0.00s)
    --- PASS: TestMigrationUpdaterSourceSelection/race/release_asset/third (0.00s)
    --- PASS: TestMigrationUpdaterSourceSelection/race/release_asset/fourth (0.00s)
    --- PASS: TestMigrationUpdaterSourceSelection/all-failure/fourth-first-third (0.00s)
    --- PASS: TestMigrationUpdaterSourceSelection/all-failure/third-fourth-first (0.00s)
    --- PASS: TestMigrationUpdaterSourceSelection/parent-cancel-in-flight (0.00s)
PASS
ok  	github.com/FlanChanXwO/pixiv-cli/internal/update/source	0.061s
