mode: set
github.com/FlanChanXwO/pixiv-cli/internal/update/source/github.go:14.2,14.34 1 1
github.com/FlanChanXwO/pixiv-cli/internal/update/source/github.go:15.3,16.1 1 1
github.com/FlanChanXwO/pixiv-cli/internal/update/source/github.go:17.2,17.12 1 1
github.com/FlanChanXwO/pixiv-cli/internal/update/source/release_source_selector.go:37.2,37.23 1 1
github.com/FlanChanXwO/pixiv-cli/internal/update/source/release_source_selector.go:38.3,39.1 1 1
github.com/FlanChanXwO/pixiv-cli/internal/update/source/release_source_selector.go:40.2,40.106 1 1
github.com/FlanChanXwO/pixiv-cli/internal/update/source/release_source_selector.go:45.2,46.1 1 1
github.com/FlanChanXwO/pixiv-cli/internal/update/source/release_source_selector.go:51.2,51.14 1 1
github.com/FlanChanXwO/pixiv-cli/internal/update/source/release_source_selector.go:52.3,53.1 1 1
github.com/FlanChanXwO/pixiv-cli/internal/update/source/release_source_selector.go:54.2,54.67 1 1
github.com/FlanChanXwO/pixiv-cli/internal/update/source/release_source_selector.go:55.3,56.1 1 1
github.com/FlanChanXwO/pixiv-cli/internal/update/source/release_source_selector.go:57.2,58.26 2 1
github.com/FlanChanXwO/pixiv-cli/internal/update/source/release_source_selector.go:59.3,60.1 1 1
github.com/FlanChanXwO/pixiv-cli/internal/update/source/release_source_selector.go:62.2,65.36 4 1
github.com/FlanChanXwO/pixiv-cli/internal/update/source/release_source_selector.go:66.3,67.13 2 1
github.com/FlanChanXwO/pixiv-cli/internal/update/source/release_source_selector.go:68.4,70.1 2 1
github.com/FlanChanXwO/pixiv-cli/internal/update/source/release_source_selector.go:73.2,74.23 2 1
github.com/FlanChanXwO/pixiv-cli/internal/update/source/release_source_selector.go:75.3,75.10 1 1
github.com/FlanChanXwO/pixiv-cli/internal/update/source/release_source_selector.go:77.4,77.66 1 1
github.com/FlanChanXwO/pixiv-cli/internal/update/source/release_source_selector.go:79.4,79.25 1 1
github.com/FlanChanXwO/pixiv-cli/internal/update/source/release_source_selector.go:80.5,81.1 1 1
github.com/FlanChanXwO/pixiv-cli/internal/update/source/release_source_selector.go:82.4,82.110 1 1
github.com/FlanChanXwO/pixiv-cli/internal/update/source/release_source_selector.go:85.2,85.116 1 1
github.com/FlanChanXwO/pixiv-cli/internal/update/source/release_source_selector.go:94.2,95.35 2 1
github.com/FlanChanXwO/pixiv-cli/internal/update/source/release_source_selector.go:96.3,97.31 2 1
github.com/FlanChanXwO/pixiv-cli/internal/update/source/release_source_selector.go:98.4,99.1 1 1
github.com/FlanChanXwO/pixiv-cli/internal/update/source/release_source_selector.go:100.3,100.16 1 1
github.com/FlanChanXwO/pixiv-cli/internal/update/source/release_source_selector.go:101.4,102.1 1 1
github.com/FlanChanXwO/pixiv-cli/internal/update/source/release_source_selector.go:104.2,104.19 1 1
github.com/FlanChanXwO/pixiv-cli/internal/update/source/release_source_selector.go:108.2,109.30 2 1
github.com/FlanChanXwO/pixiv-cli/internal/update/source/release_source_selector.go:110.3,111.1 1 1
github.com/FlanChanXwO/pixiv-cli/internal/update/source/release_source_selector.go:112.2,112.16 1 1
github.com/FlanChanXwO/pixiv-cli/internal/update/source/release_source_selector.go:113.3,114.1 1 1
github.com/FlanChanXwO/pixiv-cli/internal/update/source/release_source_selector.go:115.2,116.16 2 1
github.com/FlanChanXwO/pixiv-cli/internal/update/source/release_source_selector.go:117.3,118.1 1 1
github.com/FlanChanXwO/pixiv-cli/internal/update/source/release_source_selector.go:119.2,121.16 3 1
github.com/FlanChanXwO/pixiv-cli/internal/update/source/release_source_selector.go:122.3,123.1 1 1
github.com/FlanChanXwO/pixiv-cli/internal/update/source/release_source_selector.go:124.2,125.42 2 1
github.com/FlanChanXwO/pixiv-cli/internal/update/source/release_source_selector.go:126.3,127.1 1 1
github.com/FlanChanXwO/pixiv-cli/internal/update/source/release_source_selector.go:128.2,128.30 1 1
github.com/FlanChanXwO/pixiv-cli/internal/update/source/release_source_selector.go:129.3,130.17 2 1
github.com/FlanChanXwO/pixiv-cli/internal/update/source/release_source_selector.go:131.4,132.1 1 1
github.com/FlanChanXwO/pixiv-cli/internal/update/source/release_source_selector.go:133.3,133.13 1 1
github.com/FlanChanXwO/pixiv-cli/internal/update/source/release_source_selector.go:135.2,137.50 3 1
github.com/FlanChanXwO/pixiv-cli/internal/update/source/release_source_selector.go:138.3,139.1 1 1
github.com/FlanChanXwO/pixiv-cli/internal/update/source/release_source_selector.go:140.2,140.21 1 1
github.com/FlanChanXwO/pixiv-cli/internal/update/source/release_source_selector.go:141.3,142.1 1 1
github.com/FlanChanXwO/pixiv-cli/internal/update/source/release_source_selector.go:143.2,144.53 2 1
github.com/FlanChanXwO/pixiv-cli/internal/update/source/release_source_selector.go:145.3,145.17 1 1
github.com/FlanChanXwO/pixiv-cli/internal/update/source/release_source_selector.go:146.4,147.1 1 1
github.com/FlanChanXwO/pixiv-cli/internal/update/source/release_source_selector.go:148.3,148.74 1 1
github.com/FlanChanXwO/pixiv-cli/internal/update/source/release_source_selector.go:150.2,150.12 1 1
github.com/FlanChanXwO/pixiv-cli/internal/update/source/release_source_selector.go:154.2,156.33 3 1
github.com/FlanChanXwO/pixiv-cli/internal/update/source/release_source_selector.go:157.3,157.28 1 1
github.com/FlanChanXwO/pixiv-cli/internal/update/source/release_source_selector.go:158.4,159.1 1 1
github.com/FlanChanXwO/pixiv-cli/internal/update/source/release_source_selector.go:161.2,161.16 1 1
github.com/FlanChanXwO/pixiv-cli/internal/update/source/release_source_selector.go:166.2,166.23 1 1
github.com/FlanChanXwO/pixiv-cli/internal/update/source/release_source_selector.go:167.3,168.1 1 1
github.com/FlanChanXwO/pixiv-cli/internal/update/source/release_source_selector.go:169.2,169.20 1 1
github.com/FlanChanXwO/pixiv-cli/internal/update/source/release_sources.go:35.43,35.61 1 1
github.com/FlanChanXwO/pixiv-cli/internal/update/source/release_sources.go:39.2,39.26 1 1
github.com/FlanChanXwO/pixiv-cli/internal/update/source/release_sources.go:40.3,41.1 1 1
github.com/FlanChanXwO/pixiv-cli/internal/update/source/release_sources.go:42.2,42.36 1 1
github.com/FlanChanXwO/pixiv-cli/internal/update/source/release_sources.go:47.2,48.1 1 1
github.com/FlanChanXwO/pixiv-cli/internal/update/source/release_sources.go:52.2,53.16 2 1
github.com/FlanChanXwO/pixiv-cli/internal/update/source/release_sources.go:54.3,54.64 1 0
github.com/FlanChanXwO/pixiv-cli/internal/update/source/release_sources.go:56.2,56.16 1 1
github.com/FlanChanXwO/pixiv-cli/internal/update/source/release_sources.go:61.2,63.66 3 1
github.com/FlanChanXwO/pixiv-cli/internal/update/source/release_sources.go:64.3,65.49 2 1
github.com/FlanChanXwO/pixiv-cli/internal/update/source/release_sources.go:66.4,66.12 1 1
github.com/FlanChanXwO/pixiv-cli/internal/update/source/release_sources.go:68.3,69.23 2 1
github.com/FlanChanXwO/pixiv-cli/internal/update/source/release_sources.go:70.4,71.1 1 1
github.com/FlanChanXwO/pixiv-cli/internal/update/source/release_sources.go:72.3,73.46 2 1
github.com/FlanChanXwO/pixiv-cli/internal/update/source/release_sources.go:74.4,75.1 1 1
github.com/FlanChanXwO/pixiv-cli/internal/update/source/release_sources.go:76.3,76.45 1 1
github.com/FlanChanXwO/pixiv-cli/internal/update/source/release_sources.go:77.4,78.1 1 1
github.com/FlanChanXwO/pixiv-cli/internal/update/source/release_sources.go:79.3,80.17 2 1
github.com/FlanChanXwO/pixiv-cli/internal/update/source/release_sources.go:81.4,82.1 1 1
github.com/FlanChanXwO/pixiv-cli/internal/update/source/release_sources.go:83.3,84.17 2 1
github.com/FlanChanXwO/pixiv-cli/internal/update/source/release_sources.go:85.4,86.1 1 1
github.com/FlanChanXwO/pixiv-cli/internal/update/source/release_sources.go:87.3,87.22 1 1
github.com/FlanChanXwO/pixiv-cli/internal/update/source/release_sources.go:88.4,89.1 1 1
github.com/FlanChanXwO/pixiv-cli/internal/update/source/release_sources.go:90.3,91.75 2 1
github.com/FlanChanXwO/pixiv-cli/internal/update/source/release_sources.go:93.2,93.23 1 1
github.com/FlanChanXwO/pixiv-cli/internal/update/source/release_sources.go:94.3,95.1 1 1
github.com/FlanChanXwO/pixiv-cli/internal/update/source/release_sources.go:96.2,96.21 1 1
github.com/FlanChanXwO/pixiv-cli/internal/update/source/release_sources.go:100.2,100.18 1 1
github.com/FlanChanXwO/pixiv-cli/internal/update/source/release_sources.go:101.3,102.1 1 1
github.com/FlanChanXwO/pixiv-cli/internal/update/source/release_sources.go:103.2,104.100 2 1
github.com/FlanChanXwO/pixiv-cli/internal/update/source/release_sources.go:105.3,106.17 2 1
github.com/FlanChanXwO/pixiv-cli/internal/update/source/release_sources.go:107.4,107.12 1 1
github.com/FlanChanXwO/pixiv-cli/internal/update/source/release_sources.go:109.3,109.38 1 1
github.com/FlanChanXwO/pixiv-cli/internal/update/source/release_sources.go:110.4,111.1 1 1
github.com/FlanChanXwO/pixiv-cli/internal/update/source/release_sources.go:112.3,112.26 1 1
github.com/FlanChanXwO/pixiv-cli/internal/update/source/release_sources.go:114.2,115.148 2 1
github.com/FlanChanXwO/pixiv-cli/internal/update/source/release_sources.go:116.3,117.1 1 1
github.com/FlanChanXwO/pixiv-cli/internal/update/source/release_sources.go:118.2,119.95 2 1
github.com/FlanChanXwO/pixiv-cli/internal/update/source/release_sources.go:120.3,121.1 1 1
github.com/FlanChanXwO/pixiv-cli/internal/update/source/release_sources.go:122.2,122.22 1 1
github.com/FlanChanXwO/pixiv-cli/internal/update/source/release_sources.go:126.2,127.16 2 1
github.com/FlanChanXwO/pixiv-cli/internal/update/source/release_sources.go:128.3,129.1 1 1
github.com/FlanChanXwO/pixiv-cli/internal/update/source/release_sources.go:130.2,130.122 1 1
github.com/FlanChanXwO/pixiv-cli/internal/update/source/release_sources.go:131.3,132.1 1 1
github.com/FlanChanXwO/pixiv-cli/internal/update/source/release_sources.go:133.2,134.62 2 1
github.com/FlanChanXwO/pixiv-cli/internal/update/source/release_sources.go:135.3,136.1 1 1
github.com/FlanChanXwO/pixiv-cli/internal/update/source/release_sources.go:137.2,139.16 3 1
github.com/FlanChanXwO/pixiv-cli/internal/update/source/release_sources.go:140.3,141.1 1 1
github.com/FlanChanXwO/pixiv-cli/internal/update/source/release_sources.go:142.2,142.152 1 1
github.com/FlanChanXwO/pixiv-cli/internal/update/source/release_sources.go:143.3,144.1 1 1
github.com/FlanChanXwO/pixiv-cli/internal/update/source/release_sources.go:145.2,145.19 1 1
