=== RUN   TestMigrationUpdaterOwnedPreflightFrozenContracts
    migration_owned_preflight_test.go:673: concrete_checker/exact_version caller=background returned=8.984982ms
    migration_owned_preflight_test.go:673: concrete_checker/successful_stderr_ignored caller=background returned=8.961878ms
    migration_owned_preflight_test.go:673: concrete_checker/large_successful_stderr_ignored caller=background returned=10.137379ms
    migration_owned_preflight_test.go:673: concrete_checker/wrong_prefix caller=background returned=9.734531ms
    migration_owned_preflight_test.go:673: concrete_checker/wrong_version caller=background returned=8.577236ms
    migration_owned_preflight_test.go:673: concrete_checker/missing_newline caller=background returned=9.400009ms
    migration_owned_preflight_test.go:673: concrete_checker/crlf caller=background returned=7.512203ms
    migration_owned_preflight_test.go:673: concrete_checker/extra_newline caller=background returned=8.800427ms
    migration_owned_preflight_test.go:673: concrete_checker/extra_stdout caller=background returned=8.673864ms
    migration_owned_preflight_test.go:673: concrete_checker/valid_stdout_exit7 caller=background returned=9.183417ms
    migration_owned_preflight_test.go:673: concrete_checker/wrong_stdout_exit9 caller=background returned=9.932229ms
    migration_owned_preflight_test.go:673: concrete_checker/large_failing_stderr caller=background returned=8.288237ms
    migration_owned_preflight_test.go:673: concrete_checker/large_stdout caller=background returned=8.342477ms
    migration_owned_preflight_test.go:673: concrete_checker/pre_canceled_no_exec caller=pre_canceled returned=1.214696ms
    migration_owned_preflight_test.go:673: concrete_checker/cancel_while_blocked_after_valid_output caller=cancel_when_heartbeat_advances returned=20.244875ms
    migration_owned_preflight_test.go:673: concrete_checker/caller_deadline_while_output_incomplete caller=one_second_deadline returned=1.001197552s
    migration_owned_preflight_test.go:673: public_default_installer/exact_version caller=background returned=99.991962ms
    migration_owned_preflight_test.go:673: public_default_installer/successful_stderr_ignored caller=background returned=100.859416ms
    migration_owned_preflight_test.go:673: public_default_installer/large_successful_stderr_ignored caller=background returned=103.389579ms
    migration_owned_preflight_test.go:673: public_default_installer/wrong_prefix caller=background returned=101.691251ms
    migration_owned_preflight_test.go:673: public_default_installer/wrong_version caller=background returned=103.746831ms
    migration_owned_preflight_test.go:673: public_default_installer/missing_newline caller=background returned=108.349498ms
    migration_owned_preflight_test.go:673: public_default_installer/crlf caller=background returned=109.959871ms
    migration_owned_preflight_test.go:673: public_default_installer/extra_newline caller=background returned=105.131718ms
    migration_owned_preflight_test.go:673: public_default_installer/extra_stdout caller=background returned=100.043625ms
    migration_owned_preflight_test.go:673: public_default_installer/valid_stdout_exit7 caller=background returned=107.858121ms
    migration_owned_preflight_test.go:673: public_default_installer/wrong_stdout_exit9 caller=background returned=100.783717ms
    migration_owned_preflight_test.go:673: public_default_installer/large_failing_stderr caller=background returned=101.764201ms
    migration_owned_preflight_test.go:673: public_default_installer/large_stdout caller=background returned=99.517847ms
    migration_owned_preflight_test.go:673: public_default_installer/pre_canceled_no_exec caller=pre_canceled returned=50.019719ms
    migration_owned_preflight_test.go:673: public_default_installer/cancel_while_blocked_after_valid_output caller=cancel_when_heartbeat_advances returned=115.283536ms
    migration_owned_preflight_test.go:673: public_default_installer/caller_deadline_while_output_incomplete caller=one_second_deadline returned=1.001649459s
    migration_owned_preflight_test.go:673: public_default_installer/symlink_target_success caller=background returned=115.467028ms
    migration_owned_preflight_test.go:673: public_default_installer/invalid_signature_no_exec caller=background returned=61.054045ms
    migration_owned_preflight_test.go:673: public_default_installer/signed_invalid_checksum_entry_no_exec caller=background returned=54.77463ms
    migration_owned_preflight_test.go:673: public_default_installer/archive_checksum_mismatch_no_exec caller=background returned=56.057275ms
    migration_owned_preflight_test.go:673: public_default_installer/archive_traversal_no_exec caller=background returned=54.438475ms
    migration_owned_preflight_test.go:673: public_default_installer/archive_symlink_no_exec caller=background returned=73.427327ms
    migration_owned_preflight_test.go:673: public_default_installer/archive_duplicate_binary_no_exec caller=background returned=181.537218ms
    migration_owned_preflight_test.go:673: public_default_installer/archive_missing_binary_no_exec caller=background returned=380.395µs
    migration_owned_preflight_test.go:673: public_default_installer/corrupt_archive_no_exec caller=background returned=149.763µs
    migration_owned_preflight_test.go:690: native owned preflight rows=41 helper_sha256=694392c9b43b0d1a09f78bd3d98fd86bb405306eb2668d6534ebea35408d3146 reproducible=true
--- PASS: TestMigrationUpdaterOwnedPreflightFrozenContracts (5.00s)
PASS
ok  	github.com/FlanChanXwO/pixiv-cli/internal/update/installer	5.003s
