=== RUN   TestMigrationUpdaterSignedInstallFrozenContracts
    migration_connected_test.go:1227: signed install=199 detector=34 physical cache=13
--- PASS: TestMigrationUpdaterSignedInstallFrozenContracts (0.13s)
=== RUN   TestMigrationUpdaterOwnedPreflightFrozenContracts
    migration_owned_preflight_test.go:673: concrete_checker/exact_version caller=background returned=8.612133ms
    migration_owned_preflight_test.go:673: concrete_checker/successful_stderr_ignored caller=background returned=8.523958ms
    migration_owned_preflight_test.go:673: concrete_checker/large_successful_stderr_ignored caller=background returned=8.954357ms
    migration_owned_preflight_test.go:673: concrete_checker/wrong_prefix caller=background returned=9.266286ms
    migration_owned_preflight_test.go:673: concrete_checker/wrong_version caller=background returned=7.897737ms
    migration_owned_preflight_test.go:673: concrete_checker/missing_newline caller=background returned=8.332804ms
    migration_owned_preflight_test.go:673: concrete_checker/crlf caller=background returned=9.048066ms
    migration_owned_preflight_test.go:673: concrete_checker/extra_newline caller=background returned=8.321912ms
    migration_owned_preflight_test.go:673: concrete_checker/extra_stdout caller=background returned=10.031354ms
    migration_owned_preflight_test.go:673: concrete_checker/valid_stdout_exit7 caller=background returned=9.780965ms
    migration_owned_preflight_test.go:673: concrete_checker/wrong_stdout_exit9 caller=background returned=8.214778ms
    migration_owned_preflight_test.go:673: concrete_checker/large_failing_stderr caller=background returned=9.261037ms
    migration_owned_preflight_test.go:673: concrete_checker/large_stdout caller=background returned=8.561153ms
    migration_owned_preflight_test.go:673: concrete_checker/pre_canceled_no_exec caller=pre_canceled returned=1.287043ms
    migration_owned_preflight_test.go:673: concrete_checker/cancel_while_blocked_after_valid_output caller=cancel_when_heartbeat_advances returned=19.316987ms
    migration_owned_preflight_test.go:673: concrete_checker/caller_deadline_while_output_incomplete caller=one_second_deadline returned=1.001154502s
    migration_owned_preflight_test.go:673: public_default_installer/exact_version caller=background returned=107.380468ms
    migration_owned_preflight_test.go:673: public_default_installer/successful_stderr_ignored caller=background returned=96.575601ms
    migration_owned_preflight_test.go:673: public_default_installer/large_successful_stderr_ignored caller=background returned=109.138366ms
    migration_owned_preflight_test.go:673: public_default_installer/wrong_prefix caller=background returned=98.596164ms
    migration_owned_preflight_test.go:673: public_default_installer/wrong_version caller=background returned=102.119631ms
    migration_owned_preflight_test.go:673: public_default_installer/missing_newline caller=background returned=103.053829ms
    migration_owned_preflight_test.go:673: public_default_installer/crlf caller=background returned=145.544444ms
    migration_owned_preflight_test.go:673: public_default_installer/extra_newline caller=background returned=109.567619ms
    migration_owned_preflight_test.go:673: public_default_installer/extra_stdout caller=background returned=100.371592ms
    migration_owned_preflight_test.go:673: public_default_installer/valid_stdout_exit7 caller=background returned=110.215847ms
    migration_owned_preflight_test.go:673: public_default_installer/wrong_stdout_exit9 caller=background returned=104.003525ms
    migration_owned_preflight_test.go:673: public_default_installer/large_failing_stderr caller=background returned=122.428416ms
    migration_owned_preflight_test.go:673: public_default_installer/large_stdout caller=background returned=109.482087ms
    migration_owned_preflight_test.go:673: public_default_installer/pre_canceled_no_exec caller=pre_canceled returned=54.68286ms
    migration_owned_preflight_test.go:673: public_default_installer/cancel_while_blocked_after_valid_output caller=cancel_when_heartbeat_advances returned=119.106234ms
    migration_owned_preflight_test.go:673: public_default_installer/caller_deadline_while_output_incomplete caller=one_second_deadline returned=1.001992008s
    migration_owned_preflight_test.go:673: public_default_installer/symlink_target_success caller=background returned=104.726532ms
    migration_owned_preflight_test.go:673: public_default_installer/invalid_signature_no_exec caller=background returned=50.307804ms
    migration_owned_preflight_test.go:673: public_default_installer/signed_invalid_checksum_entry_no_exec caller=background returned=55.750246ms
    migration_owned_preflight_test.go:673: public_default_installer/archive_checksum_mismatch_no_exec caller=background returned=49.242666ms
    migration_owned_preflight_test.go:673: public_default_installer/archive_traversal_no_exec caller=background returned=51.186004ms
    migration_owned_preflight_test.go:673: public_default_installer/archive_symlink_no_exec caller=background returned=86.090012ms
    migration_owned_preflight_test.go:673: public_default_installer/archive_duplicate_binary_no_exec caller=background returned=161.468677ms
    migration_owned_preflight_test.go:673: public_default_installer/archive_missing_binary_no_exec caller=background returned=333.766µs
    migration_owned_preflight_test.go:673: public_default_installer/corrupt_archive_no_exec caller=background returned=151.876µs
    migration_owned_preflight_test.go:690: native owned preflight rows=41 helper_sha256=694392c9b43b0d1a09f78bd3d98fd86bb405306eb2668d6534ebea35408d3146 reproducible=true
--- PASS: TestMigrationUpdaterOwnedPreflightFrozenContracts (5.07s)
PASS
ok  	github.com/FlanChanXwO/pixiv-cli/internal/update/installer	5.209s
