=== RUN   TestMigrationUpdaterOwnedPreflightFrozenContracts
    migration_owned_preflight_test.go:673: concrete_checker/exact_version caller=background returned=8.316658ms
    migration_owned_preflight_test.go:673: concrete_checker/successful_stderr_ignored caller=background returned=9.091631ms
    migration_owned_preflight_test.go:673: concrete_checker/large_successful_stderr_ignored caller=background returned=8.960455ms
    migration_owned_preflight_test.go:673: concrete_checker/wrong_prefix caller=background returned=11.078513ms
    migration_owned_preflight_test.go:673: concrete_checker/wrong_version caller=background returned=12.039166ms
    migration_owned_preflight_test.go:673: concrete_checker/missing_newline caller=background returned=9.608133ms
    migration_owned_preflight_test.go:673: concrete_checker/crlf caller=background returned=14.437053ms
    migration_owned_preflight_test.go:673: concrete_checker/extra_newline caller=background returned=7.44ms
    migration_owned_preflight_test.go:673: concrete_checker/extra_stdout caller=background returned=18.925168ms
    migration_owned_preflight_test.go:673: concrete_checker/valid_stdout_exit7 caller=background returned=7.885057ms
    migration_owned_preflight_test.go:673: concrete_checker/wrong_stdout_exit9 caller=background returned=9.094064ms
    migration_owned_preflight_test.go:673: concrete_checker/large_failing_stderr caller=background returned=8.194827ms
    migration_owned_preflight_test.go:673: concrete_checker/large_stdout caller=background returned=8.92965ms
    migration_owned_preflight_test.go:673: concrete_checker/pre_canceled_no_exec caller=pre_canceled returned=1.146374ms
    migration_owned_preflight_test.go:673: concrete_checker/cancel_while_blocked_after_valid_output caller=cancel_when_heartbeat_advances returned=20.536997ms
    migration_owned_preflight_test.go:673: concrete_checker/caller_deadline_while_output_incomplete caller=one_second_deadline returned=1.001235742s
    migration_owned_preflight_test.go:673: public_default_installer/exact_version caller=background returned=105.449727ms
    migration_owned_preflight_test.go:673: public_default_installer/successful_stderr_ignored caller=background returned=100.900072ms
    migration_owned_preflight_test.go:673: public_default_installer/large_successful_stderr_ignored caller=background returned=124.044162ms
    migration_owned_preflight_test.go:673: public_default_installer/wrong_prefix caller=background returned=103.098037ms
    migration_owned_preflight_test.go:673: public_default_installer/wrong_version caller=background returned=103.830341ms
    migration_owned_preflight_test.go:673: public_default_installer/missing_newline caller=background returned=127.019289ms
    migration_owned_preflight_test.go:673: public_default_installer/crlf caller=background returned=103.763382ms
    migration_owned_preflight_test.go:673: public_default_installer/extra_newline caller=background returned=104.106546ms
    migration_owned_preflight_test.go:673: public_default_installer/extra_stdout caller=background returned=110.722053ms
    migration_owned_preflight_test.go:673: public_default_installer/valid_stdout_exit7 caller=background returned=102.639165ms
    migration_owned_preflight_test.go:673: public_default_installer/wrong_stdout_exit9 caller=background returned=106.765277ms
    migration_owned_preflight_test.go:673: public_default_installer/large_failing_stderr caller=background returned=102.073209ms
    migration_owned_preflight_test.go:673: public_default_installer/large_stdout caller=background returned=97.121061ms
    migration_owned_preflight_test.go:673: public_default_installer/pre_canceled_no_exec caller=pre_canceled returned=54.245905ms
    migration_owned_preflight_test.go:673: public_default_installer/cancel_while_blocked_after_valid_output caller=cancel_when_heartbeat_advances returned=109.617265ms
    migration_owned_preflight_test.go:673: public_default_installer/caller_deadline_while_output_incomplete caller=one_second_deadline returned=1.001551663s
    migration_owned_preflight_test.go:673: public_default_installer/symlink_target_success caller=background returned=106.285955ms
    migration_owned_preflight_test.go:673: public_default_installer/invalid_signature_no_exec caller=background returned=62.355955ms
    migration_owned_preflight_test.go:673: public_default_installer/signed_invalid_checksum_entry_no_exec caller=background returned=77.371233ms
    migration_owned_preflight_test.go:673: public_default_installer/archive_checksum_mismatch_no_exec caller=background returned=78.288902ms
    migration_owned_preflight_test.go:673: public_default_installer/archive_traversal_no_exec caller=background returned=54.168949ms
    migration_owned_preflight_test.go:673: public_default_installer/archive_symlink_no_exec caller=background returned=83.730558ms
    migration_owned_preflight_test.go:673: public_default_installer/archive_duplicate_binary_no_exec caller=background returned=189.658096ms
    migration_owned_preflight_test.go:673: public_default_installer/archive_missing_binary_no_exec caller=background returned=344.953µs
    migration_owned_preflight_test.go:673: public_default_installer/corrupt_archive_no_exec caller=background returned=147.859µs
    migration_owned_preflight_test.go:690: native owned preflight rows=41 helper_sha256=694392c9b43b0d1a09f78bd3d98fd86bb405306eb2668d6534ebea35408d3146 reproducible=true
--- PASS: TestMigrationUpdaterOwnedPreflightFrozenContracts (5.20s)
=== RUN   TestMigrationUpdaterOwnedPreflightFrozenContracts
    migration_owned_preflight_test.go:673: concrete_checker/exact_version caller=background returned=8.532339ms
    migration_owned_preflight_test.go:673: concrete_checker/successful_stderr_ignored caller=background returned=7.849895ms
    migration_owned_preflight_test.go:673: concrete_checker/large_successful_stderr_ignored caller=background returned=8.975007ms
    migration_owned_preflight_test.go:673: concrete_checker/wrong_prefix caller=background returned=9.156863ms
    migration_owned_preflight_test.go:673: concrete_checker/wrong_version caller=background returned=8.259799ms
    migration_owned_preflight_test.go:673: concrete_checker/missing_newline caller=background returned=7.672327ms
    migration_owned_preflight_test.go:673: concrete_checker/crlf caller=background returned=9.053003ms
    migration_owned_preflight_test.go:673: concrete_checker/extra_newline caller=background returned=7.733332ms
    migration_owned_preflight_test.go:673: concrete_checker/extra_stdout caller=background returned=8.438023ms
    migration_owned_preflight_test.go:673: concrete_checker/valid_stdout_exit7 caller=background returned=7.685596ms
    migration_owned_preflight_test.go:673: concrete_checker/wrong_stdout_exit9 caller=background returned=8.482886ms
    migration_owned_preflight_test.go:673: concrete_checker/large_failing_stderr caller=background returned=8.631126ms
    migration_owned_preflight_test.go:673: concrete_checker/large_stdout caller=background returned=8.773928ms
    migration_owned_preflight_test.go:673: concrete_checker/pre_canceled_no_exec caller=pre_canceled returned=835.542µs
    migration_owned_preflight_test.go:673: concrete_checker/cancel_while_blocked_after_valid_output caller=cancel_when_heartbeat_advances returned=22.594846ms
    migration_owned_preflight_test.go:673: concrete_checker/caller_deadline_while_output_incomplete caller=one_second_deadline returned=1.000999541s
    migration_owned_preflight_test.go:673: public_default_installer/exact_version caller=background returned=111.80668ms
    migration_owned_preflight_test.go:673: public_default_installer/successful_stderr_ignored caller=background returned=107.554206ms
    migration_owned_preflight_test.go:673: public_default_installer/large_successful_stderr_ignored caller=background returned=104.209902ms
    migration_owned_preflight_test.go:673: public_default_installer/wrong_prefix caller=background returned=105.430937ms
    migration_owned_preflight_test.go:673: public_default_installer/wrong_version caller=background returned=110.701864ms
    migration_owned_preflight_test.go:673: public_default_installer/missing_newline caller=background returned=106.182889ms
    migration_owned_preflight_test.go:673: public_default_installer/crlf caller=background returned=114.377822ms
    migration_owned_preflight_test.go:673: public_default_installer/extra_newline caller=background returned=104.41408ms
    migration_owned_preflight_test.go:673: public_default_installer/extra_stdout caller=background returned=110.531916ms
    migration_owned_preflight_test.go:673: public_default_installer/valid_stdout_exit7 caller=background returned=94.131696ms
    migration_owned_preflight_test.go:673: public_default_installer/wrong_stdout_exit9 caller=background returned=105.067561ms
    migration_owned_preflight_test.go:673: public_default_installer/large_failing_stderr caller=background returned=94.87504ms
    migration_owned_preflight_test.go:673: public_default_installer/large_stdout caller=background returned=99.554955ms
    migration_owned_preflight_test.go:673: public_default_installer/pre_canceled_no_exec caller=pre_canceled returned=53.265032ms
    migration_owned_preflight_test.go:673: public_default_installer/cancel_while_blocked_after_valid_output caller=cancel_when_heartbeat_advances returned=122.069321ms
    migration_owned_preflight_test.go:673: public_default_installer/caller_deadline_while_output_incomplete caller=one_second_deadline returned=1.001248397s
    migration_owned_preflight_test.go:673: public_default_installer/symlink_target_success caller=background returned=104.080339ms
    migration_owned_preflight_test.go:673: public_default_installer/invalid_signature_no_exec caller=background returned=55.813584ms
    migration_owned_preflight_test.go:673: public_default_installer/signed_invalid_checksum_entry_no_exec caller=background returned=53.115645ms
    migration_owned_preflight_test.go:673: public_default_installer/archive_checksum_mismatch_no_exec caller=background returned=52.914722ms
    migration_owned_preflight_test.go:673: public_default_installer/archive_traversal_no_exec caller=background returned=220.788348ms
    migration_owned_preflight_test.go:673: public_default_installer/archive_symlink_no_exec caller=background returned=90.988795ms
    migration_owned_preflight_test.go:673: public_default_installer/archive_duplicate_binary_no_exec caller=background returned=151.10495ms
    migration_owned_preflight_test.go:673: public_default_installer/archive_missing_binary_no_exec caller=background returned=323.871µs
    migration_owned_preflight_test.go:673: public_default_installer/corrupt_archive_no_exec caller=background returned=174.149µs
    migration_owned_preflight_test.go:690: native owned preflight rows=41 helper_sha256=694392c9b43b0d1a09f78bd3d98fd86bb405306eb2668d6534ebea35408d3146 reproducible=true
--- PASS: TestMigrationUpdaterOwnedPreflightFrozenContracts (5.26s)
=== RUN   TestMigrationUpdaterOwnedPreflightFrozenContracts
    migration_owned_preflight_test.go:673: concrete_checker/exact_version caller=background returned=10.120985ms
    migration_owned_preflight_test.go:673: concrete_checker/successful_stderr_ignored caller=background returned=9.438024ms
    migration_owned_preflight_test.go:673: concrete_checker/large_successful_stderr_ignored caller=background returned=8.430658ms
    migration_owned_preflight_test.go:673: concrete_checker/wrong_prefix caller=background returned=9.290977ms
    migration_owned_preflight_test.go:673: concrete_checker/wrong_version caller=background returned=12.020171ms
    migration_owned_preflight_test.go:673: concrete_checker/missing_newline caller=background returned=9.000805ms
    migration_owned_preflight_test.go:673: concrete_checker/crlf caller=background returned=10.520734ms
    migration_owned_preflight_test.go:673: concrete_checker/extra_newline caller=background returned=10.315579ms
    migration_owned_preflight_test.go:673: concrete_checker/extra_stdout caller=background returned=9.448616ms
    migration_owned_preflight_test.go:673: concrete_checker/valid_stdout_exit7 caller=background returned=32.321509ms
    migration_owned_preflight_test.go:673: concrete_checker/wrong_stdout_exit9 caller=background returned=9.78853ms
    migration_owned_preflight_test.go:673: concrete_checker/large_failing_stderr caller=background returned=10.279345ms
    migration_owned_preflight_test.go:673: concrete_checker/large_stdout caller=background returned=8.397539ms
    migration_owned_preflight_test.go:673: concrete_checker/pre_canceled_no_exec caller=pre_canceled returned=996.02µs
    migration_owned_preflight_test.go:673: concrete_checker/cancel_while_blocked_after_valid_output caller=cancel_when_heartbeat_advances returned=18.519459ms
    migration_owned_preflight_test.go:673: concrete_checker/caller_deadline_while_output_incomplete caller=one_second_deadline returned=1.003182372s
    migration_owned_preflight_test.go:673: public_default_installer/exact_version caller=background returned=95.247862ms
    migration_owned_preflight_test.go:673: public_default_installer/successful_stderr_ignored caller=background returned=101.45446ms
    migration_owned_preflight_test.go:673: public_default_installer/large_successful_stderr_ignored caller=background returned=113.167151ms
    migration_owned_preflight_test.go:673: public_default_installer/wrong_prefix caller=background returned=107.428458ms
    migration_owned_preflight_test.go:673: public_default_installer/wrong_version caller=background returned=100.004316ms
    migration_owned_preflight_test.go:673: public_default_installer/missing_newline caller=background returned=120.766868ms
    migration_owned_preflight_test.go:673: public_default_installer/crlf caller=background returned=100.500868ms
    migration_owned_preflight_test.go:673: public_default_installer/extra_newline caller=background returned=116.938509ms
    migration_owned_preflight_test.go:673: public_default_installer/extra_stdout caller=background returned=109.676448ms
    migration_owned_preflight_test.go:673: public_default_installer/valid_stdout_exit7 caller=background returned=108.571543ms
    migration_owned_preflight_test.go:673: public_default_installer/wrong_stdout_exit9 caller=background returned=105.449961ms
    migration_owned_preflight_test.go:673: public_default_installer/large_failing_stderr caller=background returned=108.291589ms
    migration_owned_preflight_test.go:673: public_default_installer/large_stdout caller=background returned=122.737035ms
    migration_owned_preflight_test.go:673: public_default_installer/pre_canceled_no_exec caller=pre_canceled returned=62.695168ms
    migration_owned_preflight_test.go:673: public_default_installer/cancel_while_blocked_after_valid_output caller=cancel_when_heartbeat_advances returned=111.699148ms
    migration_owned_preflight_test.go:673: public_default_installer/caller_deadline_while_output_incomplete caller=one_second_deadline returned=1.001276672s
    migration_owned_preflight_test.go:673: public_default_installer/symlink_target_success caller=background returned=117.944238ms
    migration_owned_preflight_test.go:673: public_default_installer/invalid_signature_no_exec caller=background returned=68.907755ms
    migration_owned_preflight_test.go:673: public_default_installer/signed_invalid_checksum_entry_no_exec caller=background returned=46.471922ms
    migration_owned_preflight_test.go:673: public_default_installer/archive_checksum_mismatch_no_exec caller=background returned=62.560131ms
    migration_owned_preflight_test.go:673: public_default_installer/archive_traversal_no_exec caller=background returned=55.279041ms
    migration_owned_preflight_test.go:673: public_default_installer/archive_symlink_no_exec caller=background returned=77.775428ms
    migration_owned_preflight_test.go:673: public_default_installer/archive_duplicate_binary_no_exec caller=background returned=176.4269ms
    migration_owned_preflight_test.go:673: public_default_installer/archive_missing_binary_no_exec caller=background returned=359.364µs
    migration_owned_preflight_test.go:673: public_default_installer/corrupt_archive_no_exec caller=background returned=160.098µs
    migration_owned_preflight_test.go:690: native owned preflight rows=41 helper_sha256=694392c9b43b0d1a09f78bd3d98fd86bb405306eb2668d6534ebea35408d3146 reproducible=true
--- PASS: TestMigrationUpdaterOwnedPreflightFrozenContracts (5.16s)
PASS
ok  	github.com/FlanChanXwO/pixiv-cli/internal/update/installer	15.629s
