=== RUN   TestMigrationUpdaterCoordinatorConnectedContracts
=== RUN   TestMigrationUpdaterCoordinatorConnectedContracts/explicit/development/absent/check_false/prerelease_false
=== RUN   TestMigrationUpdaterCoordinatorConnectedContracts/explicit/development/absent/check_false/prerelease_true
=== RUN   TestMigrationUpdaterCoordinatorConnectedContracts/explicit/development/absent/check_true/prerelease_false
=== RUN   TestMigrationUpdaterCoordinatorConnectedContracts/explicit/development/absent/check_true/prerelease_true
=== RUN   TestMigrationUpdaterCoordinatorConnectedContracts/explicit/development/equal/check_false/prerelease_false
=== RUN   TestMigrationUpdaterCoordinatorConnectedContracts/explicit/development/equal/check_false/prerelease_true
=== RUN   TestMigrationUpdaterCoordinatorConnectedContracts/explicit/development/equal/check_true/prerelease_false
=== RUN   TestMigrationUpdaterCoordinatorConnectedContracts/explicit/development/equal/check_true/prerelease_true
=== RUN   TestMigrationUpdaterCoordinatorConnectedContracts/explicit/development/older/check_false/prerelease_false
=== RUN   TestMigrationUpdaterCoordinatorConnectedContracts/explicit/development/older/check_false/prerelease_true
=== RUN   TestMigrationUpdaterCoordinatorConnectedContracts/explicit/development/older/check_true/prerelease_false
=== RUN   TestMigrationUpdaterCoordinatorConnectedContracts/explicit/development/older/check_true/prerelease_true
=== RUN   TestMigrationUpdaterCoordinatorConnectedContracts/explicit/development/newer/check_false/prerelease_false
=== RUN   TestMigrationUpdaterCoordinatorConnectedContracts/explicit/development/newer/check_false/prerelease_true
=== RUN   TestMigrationUpdaterCoordinatorConnectedContracts/explicit/development/newer/check_true/prerelease_false
=== RUN   TestMigrationUpdaterCoordinatorConnectedContracts/explicit/development/newer/check_true/prerelease_true
=== RUN   TestMigrationUpdaterCoordinatorConnectedContracts/explicit/development/prerelease/check_false/prerelease_false
=== RUN   TestMigrationUpdaterCoordinatorConnectedContracts/explicit/development/prerelease/check_false/prerelease_true
=== RUN   TestMigrationUpdaterCoordinatorConnectedContracts/explicit/development/prerelease/check_true/prerelease_false
=== RUN   TestMigrationUpdaterCoordinatorConnectedContracts/explicit/development/prerelease/check_true/prerelease_true
=== RUN   TestMigrationUpdaterCoordinatorConnectedContracts/explicit/development/build_metadata_equal/check_false/prerelease_false
=== RUN   TestMigrationUpdaterCoordinatorConnectedContracts/explicit/development/build_metadata_equal/check_false/prerelease_true
=== RUN   TestMigrationUpdaterCoordinatorConnectedContracts/explicit/development/build_metadata_equal/check_true/prerelease_false
=== RUN   TestMigrationUpdaterCoordinatorConnectedContracts/explicit/development/build_metadata_equal/check_true/prerelease_true
=== RUN   TestMigrationUpdaterCoordinatorConnectedContracts/explicit/homebrew-stable/absent/check_false/prerelease_false
=== RUN   TestMigrationUpdaterCoordinatorConnectedContracts/explicit/homebrew-stable/absent/check_false/prerelease_true
=== RUN   TestMigrationUpdaterCoordinatorConnectedContracts/explicit/homebrew-stable/absent/check_true/prerelease_false
=== RUN   TestMigrationUpdaterCoordinatorConnectedContracts/explicit/homebrew-stable/absent/check_true/prerelease_true
=== RUN   TestMigrationUpdaterCoordinatorConnectedContracts/explicit/homebrew-stable/equal/check_false/prerelease_false
=== RUN   TestMigrationUpdaterCoordinatorConnectedContracts/explicit/homebrew-stable/equal/check_false/prerelease_true
=== RUN   TestMigrationUpdaterCoordinatorConnectedContracts/explicit/homebrew-stable/equal/check_true/prerelease_false
=== RUN   TestMigrationUpdaterCoordinatorConnectedContracts/explicit/homebrew-stable/equal/check_true/prerelease_true
=== RUN   TestMigrationUpdaterCoordinatorConnectedContracts/explicit/homebrew-stable/older/check_false/prerelease_false
=== RUN   TestMigrationUpdaterCoordinatorConnectedContracts/explicit/homebrew-stable/older/check_false/prerelease_true
=== RUN   TestMigrationUpdaterCoordinatorConnectedContracts/explicit/homebrew-stable/older/check_true/prerelease_false
=== RUN   TestMigrationUpdaterCoordinatorConnectedContracts/explicit/homebrew-stable/older/check_true/prerelease_true
=== RUN   TestMigrationUpdaterCoordinatorConnectedContracts/explicit/homebrew-stable/newer/check_false/prerelease_false
=== RUN   TestMigrationUpdaterCoordinatorConnectedContracts/explicit/homebrew-stable/newer/check_false/prerelease_true
=== RUN   TestMigrationUpdaterCoordinatorConnectedContracts/explicit/homebrew-stable/newer/check_true/prerelease_false
=== RUN   TestMigrationUpdaterCoordinatorConnectedContracts/explicit/homebrew-stable/newer/check_true/prerelease_true
=== RUN   TestMigrationUpdaterCoordinatorConnectedContracts/explicit/homebrew-stable/prerelease/check_false/prerelease_false
=== RUN   TestMigrationUpdaterCoordinatorConnectedContracts/explicit/homebrew-stable/prerelease/check_false/prerelease_true
=== RUN   TestMigrationUpdaterCoordinatorConnectedContracts/explicit/homebrew-stable/prerelease/check_true/prerelease_false
=== RUN   TestMigrationUpdaterCoordinatorConnectedContracts/explicit/homebrew-stable/prerelease/check_true/prerelease_true
=== RUN   TestMigrationUpdaterCoordinatorConnectedContracts/explicit/homebrew-stable/build_metadata_equal/check_false/prerelease_false
=== RUN   TestMigrationUpdaterCoordinatorConnectedContracts/explicit/homebrew-stable/build_metadata_equal/check_false/prerelease_true
=== RUN   TestMigrationUpdaterCoordinatorConnectedContracts/explicit/homebrew-stable/build_metadata_equal/check_true/prerelease_false
=== RUN   TestMigrationUpdaterCoordinatorConnectedContracts/explicit/homebrew-stable/build_metadata_equal/check_true/prerelease_true
=== RUN   TestMigrationUpdaterCoordinatorConnectedContracts/explicit/homebrew-beta/absent/check_false/prerelease_false
=== RUN   TestMigrationUpdaterCoordinatorConnectedContracts/explicit/homebrew-beta/absent/check_false/prerelease_true
=== RUN   TestMigrationUpdaterCoordinatorConnectedContracts/explicit/homebrew-beta/absent/check_true/prerelease_false
=== RUN   TestMigrationUpdaterCoordinatorConnectedContracts/explicit/homebrew-beta/absent/check_true/prerelease_true
=== RUN   TestMigrationUpdaterCoordinatorConnectedContracts/explicit/homebrew-beta/equal/check_false/prerelease_false
=== RUN   TestMigrationUpdaterCoordinatorConnectedContracts/explicit/homebrew-beta/equal/check_false/prerelease_true
=== RUN   TestMigrationUpdaterCoordinatorConnectedContracts/explicit/homebrew-beta/equal/check_true/prerelease_false
=== RUN   TestMigrationUpdaterCoordinatorConnectedContracts/explicit/homebrew-beta/equal/check_true/prerelease_true
=== RUN   TestMigrationUpdaterCoordinatorConnectedContracts/explicit/homebrew-beta/older/check_false/prerelease_false
=== RUN   TestMigrationUpdaterCoordinatorConnectedContracts/explicit/homebrew-beta/older/check_false/prerelease_true
=== RUN   TestMigrationUpdaterCoordinatorConnectedContracts/explicit/homebrew-beta/older/check_true/prerelease_false
=== RUN   TestMigrationUpdaterCoordinatorConnectedContracts/explicit/homebrew-beta/older/check_true/prerelease_true
=== RUN   TestMigrationUpdaterCoordinatorConnectedContracts/explicit/homebrew-beta/newer/check_false/prerelease_false
=== RUN   TestMigrationUpdaterCoordinatorConnectedContracts/explicit/homebrew-beta/newer/check_false/prerelease_true
=== RUN   TestMigrationUpdaterCoordinatorConnectedContracts/explicit/homebrew-beta/newer/check_true/prerelease_false
=== RUN   TestMigrationUpdaterCoordinatorConnectedContracts/explicit/homebrew-beta/newer/check_true/prerelease_true
=== RUN   TestMigrationUpdaterCoordinatorConnectedContracts/explicit/homebrew-beta/prerelease/check_false/prerelease_false
=== RUN   TestMigrationUpdaterCoordinatorConnectedContracts/explicit/homebrew-beta/prerelease/check_false/prerelease_true
=== RUN   TestMigrationUpdaterCoordinatorConnectedContracts/explicit/homebrew-beta/prerelease/check_true/prerelease_false
=== RUN   TestMigrationUpdaterCoordinatorConnectedContracts/explicit/homebrew-beta/prerelease/check_true/prerelease_true
=== RUN   TestMigrationUpdaterCoordinatorConnectedContracts/explicit/homebrew-beta/build_metadata_equal/check_false/prerelease_false
=== RUN   TestMigrationUpdaterCoordinatorConnectedContracts/explicit/homebrew-beta/build_metadata_equal/check_false/prerelease_true
=== RUN   TestMigrationUpdaterCoordinatorConnectedContracts/explicit/homebrew-beta/build_metadata_equal/check_true/prerelease_false
=== RUN   TestMigrationUpdaterCoordinatorConnectedContracts/explicit/homebrew-beta/build_metadata_equal/check_true/prerelease_true
=== RUN   TestMigrationUpdaterCoordinatorConnectedContracts/explicit/go-install/absent/check_false/prerelease_false
=== RUN   TestMigrationUpdaterCoordinatorConnectedContracts/explicit/go-install/absent/check_false/prerelease_true
=== RUN   TestMigrationUpdaterCoordinatorConnectedContracts/explicit/go-install/absent/check_true/prerelease_false
=== RUN   TestMigrationUpdaterCoordinatorConnectedContracts/explicit/go-install/absent/check_true/prerelease_true
=== RUN   TestMigrationUpdaterCoordinatorConnectedContracts/explicit/go-install/equal/check_false/prerelease_false
=== RUN   TestMigrationUpdaterCoordinatorConnectedContracts/explicit/go-install/equal/check_false/prerelease_true
=== RUN   TestMigrationUpdaterCoordinatorConnectedContracts/explicit/go-install/equal/check_true/prerelease_false
=== RUN   TestMigrationUpdaterCoordinatorConnectedContracts/explicit/go-install/equal/check_true/prerelease_true
=== RUN   TestMigrationUpdaterCoordinatorConnectedContracts/explicit/go-install/older/check_false/prerelease_false
=== RUN   TestMigrationUpdaterCoordinatorConnectedContracts/explicit/go-install/older/check_false/prerelease_true
=== RUN   TestMigrationUpdaterCoordinatorConnectedContracts/explicit/go-install/older/check_true/prerelease_false
=== RUN   TestMigrationUpdaterCoordinatorConnectedContracts/explicit/go-install/older/check_true/prerelease_true
=== RUN   TestMigrationUpdaterCoordinatorConnectedContracts/explicit/go-install/newer/check_false/prerelease_false
=== RUN   TestMigrationUpdaterCoordinatorConnectedContracts/explicit/go-install/newer/check_false/prerelease_true
=== RUN   TestMigrationUpdaterCoordinatorConnectedContracts/explicit/go-install/newer/check_true/prerelease_false
=== RUN   TestMigrationUpdaterCoordinatorConnectedContracts/explicit/go-install/newer/check_true/prerelease_true
=== RUN   TestMigrationUpdaterCoordinatorConnectedContracts/explicit/go-install/prerelease/check_false/prerelease_false
=== RUN   TestMigrationUpdaterCoordinatorConnectedContracts/explicit/go-install/prerelease/check_false/prerelease_true
=== RUN   TestMigrationUpdaterCoordinatorConnectedContracts/explicit/go-install/prerelease/check_true/prerelease_false
=== RUN   TestMigrationUpdaterCoordinatorConnectedContracts/explicit/go-install/prerelease/check_true/prerelease_true
=== RUN   TestMigrationUpdaterCoordinatorConnectedContracts/explicit/go-install/build_metadata_equal/check_false/prerelease_false
=== RUN   TestMigrationUpdaterCoordinatorConnectedContracts/explicit/go-install/build_metadata_equal/check_false/prerelease_true
=== RUN   TestMigrationUpdaterCoordinatorConnectedContracts/explicit/go-install/build_metadata_equal/check_true/prerelease_false
=== RUN   TestMigrationUpdaterCoordinatorConnectedContracts/explicit/go-install/build_metadata_equal/check_true/prerelease_true
=== RUN   TestMigrationUpdaterCoordinatorConnectedContracts/explicit/release/absent/check_false/prerelease_false
=== RUN   TestMigrationUpdaterCoordinatorConnectedContracts/explicit/release/absent/check_false/prerelease_true
=== RUN   TestMigrationUpdaterCoordinatorConnectedContracts/explicit/release/absent/check_true/prerelease_false
=== RUN   TestMigrationUpdaterCoordinatorConnectedContracts/explicit/release/absent/check_true/prerelease_true
=== RUN   TestMigrationUpdaterCoordinatorConnectedContracts/explicit/release/equal/check_false/prerelease_false
=== RUN   TestMigrationUpdaterCoordinatorConnectedContracts/explicit/release/equal/check_false/prerelease_true
=== RUN   TestMigrationUpdaterCoordinatorConnectedContracts/explicit/release/equal/check_true/prerelease_false
=== RUN   TestMigrationUpdaterCoordinatorConnectedContracts/explicit/release/equal/check_true/prerelease_true
=== RUN   TestMigrationUpdaterCoordinatorConnectedContracts/explicit/release/older/check_false/prerelease_false
=== RUN   TestMigrationUpdaterCoordinatorConnectedContracts/explicit/release/older/check_false/prerelease_true
=== RUN   TestMigrationUpdaterCoordinatorConnectedContracts/explicit/release/older/check_true/prerelease_false
=== RUN   TestMigrationUpdaterCoordinatorConnectedContracts/explicit/release/older/check_true/prerelease_true
=== RUN   TestMigrationUpdaterCoordinatorConnectedContracts/explicit/release/newer/check_false/prerelease_false
=== RUN   TestMigrationUpdaterCoordinatorConnectedContracts/explicit/release/newer/check_false/prerelease_true
=== RUN   TestMigrationUpdaterCoordinatorConnectedContracts/explicit/release/newer/check_true/prerelease_false
=== RUN   TestMigrationUpdaterCoordinatorConnectedContracts/explicit/release/newer/check_true/prerelease_true
=== RUN   TestMigrationUpdaterCoordinatorConnectedContracts/explicit/release/prerelease/check_false/prerelease_false
=== RUN   TestMigrationUpdaterCoordinatorConnectedContracts/explicit/release/prerelease/check_false/prerelease_true
=== RUN   TestMigrationUpdaterCoordinatorConnectedContracts/explicit/release/prerelease/check_true/prerelease_false
=== RUN   TestMigrationUpdaterCoordinatorConnectedContracts/explicit/release/prerelease/check_true/prerelease_true
=== RUN   TestMigrationUpdaterCoordinatorConnectedContracts/explicit/release/build_metadata_equal/check_false/prerelease_false
=== RUN   TestMigrationUpdaterCoordinatorConnectedContracts/explicit/release/build_metadata_equal/check_false/prerelease_true
=== RUN   TestMigrationUpdaterCoordinatorConnectedContracts/explicit/release/build_metadata_equal/check_true/prerelease_false
=== RUN   TestMigrationUpdaterCoordinatorConnectedContracts/explicit/release/build_metadata_equal/check_true/prerelease_true
=== RUN   TestMigrationUpdaterCoordinatorConnectedContracts/homebrew_switch/homebrew-stable/absent/uninstall_failure
=== RUN   TestMigrationUpdaterCoordinatorConnectedContracts/homebrew_switch/homebrew-stable/absent/rollback_success
=== RUN   TestMigrationUpdaterCoordinatorConnectedContracts/homebrew_switch/homebrew-stable/absent/rollback_failure
=== RUN   TestMigrationUpdaterCoordinatorConnectedContracts/homebrew_switch/homebrew-stable/downgrade/uninstall_failure
=== RUN   TestMigrationUpdaterCoordinatorConnectedContracts/homebrew_switch/homebrew-stable/downgrade/rollback_success
=== RUN   TestMigrationUpdaterCoordinatorConnectedContracts/homebrew_switch/homebrew-stable/downgrade/rollback_failure
=== RUN   TestMigrationUpdaterCoordinatorConnectedContracts/homebrew_upgrade_failure/homebrew-stable
=== RUN   TestMigrationUpdaterCoordinatorConnectedContracts/homebrew_switch/homebrew-beta/absent/uninstall_failure
=== RUN   TestMigrationUpdaterCoordinatorConnectedContracts/homebrew_switch/homebrew-beta/absent/rollback_success
=== RUN   TestMigrationUpdaterCoordinatorConnectedContracts/homebrew_switch/homebrew-beta/absent/rollback_failure
=== RUN   TestMigrationUpdaterCoordinatorConnectedContracts/homebrew_switch/homebrew-beta/downgrade/uninstall_failure
=== RUN   TestMigrationUpdaterCoordinatorConnectedContracts/homebrew_switch/homebrew-beta/downgrade/rollback_success
=== RUN   TestMigrationUpdaterCoordinatorConnectedContracts/homebrew_switch/homebrew-beta/downgrade/rollback_failure
=== RUN   TestMigrationUpdaterCoordinatorConnectedContracts/homebrew_upgrade_failure/homebrew-beta
=== RUN   TestMigrationUpdaterCoordinatorConnectedContracts/missing_runner/homebrew-stable/absent/check_false/prerelease_false
=== RUN   TestMigrationUpdaterCoordinatorConnectedContracts/missing_runner/homebrew-stable/equal/check_false/prerelease_false
=== RUN   TestMigrationUpdaterCoordinatorConnectedContracts/missing_runner/homebrew-stable/older/check_false/prerelease_false
=== RUN   TestMigrationUpdaterCoordinatorConnectedContracts/missing_runner/homebrew-stable/newer/check_false/prerelease_false
=== RUN   TestMigrationUpdaterCoordinatorConnectedContracts/missing_runner/homebrew-stable/absent/check_false/prerelease_true
=== RUN   TestMigrationUpdaterCoordinatorConnectedContracts/missing_runner/homebrew-stable/equal/check_false/prerelease_true
=== RUN   TestMigrationUpdaterCoordinatorConnectedContracts/missing_runner/homebrew-stable/older/check_false/prerelease_true
=== RUN   TestMigrationUpdaterCoordinatorConnectedContracts/missing_runner/homebrew-stable/newer/check_false/prerelease_true
=== RUN   TestMigrationUpdaterCoordinatorConnectedContracts/missing_runner/homebrew-stable/absent/check_true/prerelease_false
=== RUN   TestMigrationUpdaterCoordinatorConnectedContracts/missing_runner/homebrew-stable/equal/check_true/prerelease_false
=== RUN   TestMigrationUpdaterCoordinatorConnectedContracts/missing_runner/homebrew-stable/older/check_true/prerelease_false
=== RUN   TestMigrationUpdaterCoordinatorConnectedContracts/missing_runner/homebrew-stable/newer/check_true/prerelease_false
=== RUN   TestMigrationUpdaterCoordinatorConnectedContracts/missing_runner/homebrew-stable/absent/check_true/prerelease_true
=== RUN   TestMigrationUpdaterCoordinatorConnectedContracts/missing_runner/homebrew-stable/equal/check_true/prerelease_true
=== RUN   TestMigrationUpdaterCoordinatorConnectedContracts/missing_runner/homebrew-stable/older/check_true/prerelease_true
=== RUN   TestMigrationUpdaterCoordinatorConnectedContracts/missing_runner/homebrew-stable/newer/check_true/prerelease_true
=== RUN   TestMigrationUpdaterCoordinatorConnectedContracts/missing_runner/homebrew-beta/absent/check_false/prerelease_false
=== RUN   TestMigrationUpdaterCoordinatorConnectedContracts/missing_runner/homebrew-beta/equal/check_false/prerelease_false
=== RUN   TestMigrationUpdaterCoordinatorConnectedContracts/missing_runner/homebrew-beta/older/check_false/prerelease_false
=== RUN   TestMigrationUpdaterCoordinatorConnectedContracts/missing_runner/homebrew-beta/newer/check_false/prerelease_false
=== RUN   TestMigrationUpdaterCoordinatorConnectedContracts/missing_runner/homebrew-beta/absent/check_false/prerelease_true
=== RUN   TestMigrationUpdaterCoordinatorConnectedContracts/missing_runner/homebrew-beta/equal/check_false/prerelease_true
=== RUN   TestMigrationUpdaterCoordinatorConnectedContracts/missing_runner/homebrew-beta/older/check_false/prerelease_true
=== RUN   TestMigrationUpdaterCoordinatorConnectedContracts/missing_runner/homebrew-beta/newer/check_false/prerelease_true
=== RUN   TestMigrationUpdaterCoordinatorConnectedContracts/missing_runner/homebrew-beta/absent/check_true/prerelease_false
=== RUN   TestMigrationUpdaterCoordinatorConnectedContracts/missing_runner/homebrew-beta/equal/check_true/prerelease_false
=== RUN   TestMigrationUpdaterCoordinatorConnectedContracts/missing_runner/homebrew-beta/older/check_true/prerelease_false
=== RUN   TestMigrationUpdaterCoordinatorConnectedContracts/missing_runner/homebrew-beta/newer/check_true/prerelease_false
=== RUN   TestMigrationUpdaterCoordinatorConnectedContracts/missing_runner/homebrew-beta/absent/check_true/prerelease_true
=== RUN   TestMigrationUpdaterCoordinatorConnectedContracts/missing_runner/homebrew-beta/equal/check_true/prerelease_true
=== RUN   TestMigrationUpdaterCoordinatorConnectedContracts/missing_runner/homebrew-beta/older/check_true/prerelease_true
=== RUN   TestMigrationUpdaterCoordinatorConnectedContracts/missing_runner/homebrew-beta/newer/check_true/prerelease_true
=== RUN   TestMigrationUpdaterCoordinatorConnectedContracts/missing_runner/go-install/absent/check_false/prerelease_false
=== RUN   TestMigrationUpdaterCoordinatorConnectedContracts/missing_runner/go-install/equal/check_false/prerelease_false
=== RUN   TestMigrationUpdaterCoordinatorConnectedContracts/missing_runner/go-install/older/check_false/prerelease_false
=== RUN   TestMigrationUpdaterCoordinatorConnectedContracts/missing_runner/go-install/newer/check_false/prerelease_false
=== RUN   TestMigrationUpdaterCoordinatorConnectedContracts/missing_runner/go-install/absent/check_false/prerelease_true
=== RUN   TestMigrationUpdaterCoordinatorConnectedContracts/missing_runner/go-install/equal/check_false/prerelease_true
=== RUN   TestMigrationUpdaterCoordinatorConnectedContracts/missing_runner/go-install/older/check_false/prerelease_true
=== RUN   TestMigrationUpdaterCoordinatorConnectedContracts/missing_runner/go-install/newer/check_false/prerelease_true
=== RUN   TestMigrationUpdaterCoordinatorConnectedContracts/missing_runner/go-install/absent/check_true/prerelease_false
=== RUN   TestMigrationUpdaterCoordinatorConnectedContracts/missing_runner/go-install/equal/check_true/prerelease_false
=== RUN   TestMigrationUpdaterCoordinatorConnectedContracts/missing_runner/go-install/older/check_true/prerelease_false
=== RUN   TestMigrationUpdaterCoordinatorConnectedContracts/missing_runner/go-install/newer/check_true/prerelease_false
=== RUN   TestMigrationUpdaterCoordinatorConnectedContracts/missing_runner/go-install/absent/check_true/prerelease_true
=== RUN   TestMigrationUpdaterCoordinatorConnectedContracts/missing_runner/go-install/equal/check_true/prerelease_true
=== RUN   TestMigrationUpdaterCoordinatorConnectedContracts/missing_runner/go-install/older/check_true/prerelease_true
=== RUN   TestMigrationUpdaterCoordinatorConnectedContracts/missing_runner/go-install/newer/check_true/prerelease_true
=== RUN   TestMigrationUpdaterCoordinatorConnectedContracts/coordinator_constructor/both
=== RUN   TestMigrationUpdaterCoordinatorConnectedContracts/coordinator_constructor/detector
=== RUN   TestMigrationUpdaterCoordinatorConnectedContracts/coordinator_constructor/checker
=== RUN   TestMigrationUpdaterCoordinatorConnectedContracts/coordinator_constructor/none
=== RUN   TestMigrationUpdaterCoordinatorConnectedContracts/coordinator_nil
=== RUN   TestMigrationUpdaterCoordinatorConnectedContracts/coordinator/current_invalid/not-a-version
=== RUN   TestMigrationUpdaterCoordinatorConnectedContracts/coordinator/selected_invalid/not-a-version
=== RUN   TestMigrationUpdaterCoordinatorConnectedContracts/coordinator/current_invalid/v01.0.0
=== RUN   TestMigrationUpdaterCoordinatorConnectedContracts/coordinator/selected_invalid/v01.0.0
=== RUN   TestMigrationUpdaterCoordinatorConnectedContracts/coordinator/current_invalid/v1.0.0-01
=== RUN   TestMigrationUpdaterCoordinatorConnectedContracts/coordinator/selected_invalid/v1.0.0-01
=== RUN   TestMigrationUpdaterCoordinatorConnectedContracts/coordinator/checker_failure
=== RUN   TestMigrationUpdaterCoordinatorConnectedContracts/coordinator/detector_failure
=== RUN   TestMigrationUpdaterCoordinatorConnectedContracts/coordinator/detector_failure_invalid_current
=== RUN   TestMigrationUpdaterCoordinatorConnectedContracts/coordinator/prerelease_progress
=== RUN   TestMigrationUpdaterCoordinatorConnectedContracts/coordinator/stable_after_prerelease
=== RUN   TestMigrationUpdaterCoordinatorConnectedContracts/coordinator/prerelease_below_stable
=== RUN   TestMigrationUpdaterCoordinatorConnectedContracts/coordinator/unbounded_numeric
=== RUN   TestMigrationUpdaterCoordinatorConnectedContracts/coordinator/context_canceled/development
=== RUN   TestMigrationUpdaterCoordinatorConnectedContracts/coordinator/context_deadline/development
=== RUN   TestMigrationUpdaterCoordinatorConnectedContracts/coordinator/context_canceled/homebrew-stable
=== RUN   TestMigrationUpdaterCoordinatorConnectedContracts/coordinator/context_deadline/homebrew-stable
=== RUN   TestMigrationUpdaterCoordinatorConnectedContracts/coordinator/context_canceled/homebrew-beta
=== RUN   TestMigrationUpdaterCoordinatorConnectedContracts/coordinator/context_deadline/homebrew-beta
=== RUN   TestMigrationUpdaterCoordinatorConnectedContracts/coordinator/context_canceled/go-install
=== RUN   TestMigrationUpdaterCoordinatorConnectedContracts/coordinator/context_deadline/go-install
=== RUN   TestMigrationUpdaterCoordinatorConnectedContracts/coordinator/context_canceled/release
=== RUN   TestMigrationUpdaterCoordinatorConnectedContracts/coordinator/context_deadline/release
=== RUN   TestMigrationUpdaterCoordinatorConnectedContracts/coordinator/context_canceled/unknown-source
=== RUN   TestMigrationUpdaterCoordinatorConnectedContracts/coordinator/context_deadline/unknown-source
=== RUN   TestMigrationUpdaterCoordinatorConnectedContracts/automatic_constructor/both
=== RUN   TestMigrationUpdaterCoordinatorConnectedContracts/automatic_constructor/detector
=== RUN   TestMigrationUpdaterCoordinatorConnectedContracts/automatic_constructor/checker
=== RUN   TestMigrationUpdaterCoordinatorConnectedContracts/automatic_constructor/none
=== RUN   TestMigrationUpdaterCoordinatorConnectedContracts/automatic_nil
=== RUN   TestMigrationUpdaterCoordinatorConnectedContracts/automatic/current_invalid/not-a-version
=== RUN   TestMigrationUpdaterCoordinatorConnectedContracts/automatic/selected_invalid/not-a-version
=== RUN   TestMigrationUpdaterCoordinatorConnectedContracts/automatic/current_invalid/v01.0.0
=== RUN   TestMigrationUpdaterCoordinatorConnectedContracts/automatic/selected_invalid/v01.0.0
=== RUN   TestMigrationUpdaterCoordinatorConnectedContracts/automatic/current_invalid/v1.0.0-01
=== RUN   TestMigrationUpdaterCoordinatorConnectedContracts/automatic/selected_invalid/v1.0.0-01
=== RUN   TestMigrationUpdaterCoordinatorConnectedContracts/automatic/checker_failure
=== RUN   TestMigrationUpdaterCoordinatorConnectedContracts/automatic/detector_failure
=== RUN   TestMigrationUpdaterCoordinatorConnectedContracts/automatic/detector_failure_invalid_current
=== RUN   TestMigrationUpdaterCoordinatorConnectedContracts/automatic/prerelease_progress
=== RUN   TestMigrationUpdaterCoordinatorConnectedContracts/automatic/stable_after_prerelease
=== RUN   TestMigrationUpdaterCoordinatorConnectedContracts/automatic/prerelease_below_stable
=== RUN   TestMigrationUpdaterCoordinatorConnectedContracts/automatic/unbounded_numeric
=== RUN   TestMigrationUpdaterCoordinatorConnectedContracts/automatic/context_canceled/development
=== RUN   TestMigrationUpdaterCoordinatorConnectedContracts/automatic/context_deadline/development
=== RUN   TestMigrationUpdaterCoordinatorConnectedContracts/automatic/context_canceled/homebrew-stable
=== RUN   TestMigrationUpdaterCoordinatorConnectedContracts/automatic/context_deadline/homebrew-stable
=== RUN   TestMigrationUpdaterCoordinatorConnectedContracts/automatic/context_canceled/homebrew-beta
=== RUN   TestMigrationUpdaterCoordinatorConnectedContracts/automatic/context_deadline/homebrew-beta
=== RUN   TestMigrationUpdaterCoordinatorConnectedContracts/automatic/context_canceled/go-install
=== RUN   TestMigrationUpdaterCoordinatorConnectedContracts/automatic/context_deadline/go-install
=== RUN   TestMigrationUpdaterCoordinatorConnectedContracts/automatic/context_canceled/release
=== RUN   TestMigrationUpdaterCoordinatorConnectedContracts/automatic/context_deadline/release
=== RUN   TestMigrationUpdaterCoordinatorConnectedContracts/automatic/context_canceled/unknown-source
=== RUN   TestMigrationUpdaterCoordinatorConnectedContracts/automatic/context_deadline/unknown-source
=== RUN   TestMigrationUpdaterCoordinatorConnectedContracts/installation_failure/release/installer
=== RUN   TestMigrationUpdaterCoordinatorConnectedContracts/installation_failure/release/context_canceled
=== RUN   TestMigrationUpdaterCoordinatorConnectedContracts/installation_failure/release/context_deadline
=== RUN   TestMigrationUpdaterCoordinatorConnectedContracts/installation_failure/go-install/installer
=== RUN   TestMigrationUpdaterCoordinatorConnectedContracts/installation_failure/go-install/context_canceled
=== RUN   TestMigrationUpdaterCoordinatorConnectedContracts/installation_failure/go-install/context_deadline
=== RUN   TestMigrationUpdaterCoordinatorConnectedContracts/default_installer/no_trusted_key
=== RUN   TestMigrationUpdaterCoordinatorConnectedContracts/default_installer/check_barrier
=== RUN   TestMigrationUpdaterCoordinatorConnectedContracts/explicit/development_before_version_parse
=== RUN   TestMigrationUpdaterCoordinatorConnectedContracts/explicit/dev_build_injected_release_source
=== RUN   TestMigrationUpdaterCoordinatorConnectedContracts/explicit/throttled_with_candidate/homebrew-stable
=== RUN   TestMigrationUpdaterCoordinatorConnectedContracts/explicit/throttled_absent/homebrew-stable
=== RUN   TestMigrationUpdaterCoordinatorConnectedContracts/explicit/throttled_with_candidate/go-install
=== RUN   TestMigrationUpdaterCoordinatorConnectedContracts/explicit/throttled_absent/go-install
=== RUN   TestMigrationUpdaterCoordinatorConnectedContracts/explicit/throttled_with_candidate/release
=== RUN   TestMigrationUpdaterCoordinatorConnectedContracts/explicit/throttled_absent/release
=== RUN   TestMigrationUpdaterCoordinatorConnectedContracts/explicit/throttled_with_candidate/unknown-source
=== RUN   TestMigrationUpdaterCoordinatorConnectedContracts/explicit/throttled_absent/unknown-source
=== RUN   TestMigrationUpdaterCoordinatorConnectedContracts/automatic/development/absent
=== RUN   TestMigrationUpdaterCoordinatorConnectedContracts/automatic/development/equal
=== RUN   TestMigrationUpdaterCoordinatorConnectedContracts/automatic/development/older
=== RUN   TestMigrationUpdaterCoordinatorConnectedContracts/automatic/development/newer
=== RUN   TestMigrationUpdaterCoordinatorConnectedContracts/automatic/development/prerelease
=== RUN   TestMigrationUpdaterCoordinatorConnectedContracts/automatic/development/build_metadata_equal
=== RUN   TestMigrationUpdaterCoordinatorConnectedContracts/automatic/homebrew-stable/absent
=== RUN   TestMigrationUpdaterCoordinatorConnectedContracts/automatic/homebrew-stable/equal
=== RUN   TestMigrationUpdaterCoordinatorConnectedContracts/automatic/homebrew-stable/older
=== RUN   TestMigrationUpdaterCoordinatorConnectedContracts/automatic/homebrew-stable/newer
=== RUN   TestMigrationUpdaterCoordinatorConnectedContracts/automatic/homebrew-stable/prerelease
=== RUN   TestMigrationUpdaterCoordinatorConnectedContracts/automatic/homebrew-stable/build_metadata_equal
=== RUN   TestMigrationUpdaterCoordinatorConnectedContracts/automatic/homebrew-beta/absent
=== RUN   TestMigrationUpdaterCoordinatorConnectedContracts/automatic/homebrew-beta/equal
=== RUN   TestMigrationUpdaterCoordinatorConnectedContracts/automatic/homebrew-beta/older
=== RUN   TestMigrationUpdaterCoordinatorConnectedContracts/automatic/homebrew-beta/newer
=== RUN   TestMigrationUpdaterCoordinatorConnectedContracts/automatic/homebrew-beta/prerelease
=== RUN   TestMigrationUpdaterCoordinatorConnectedContracts/automatic/homebrew-beta/build_metadata_equal
=== RUN   TestMigrationUpdaterCoordinatorConnectedContracts/automatic/go-install/absent
=== RUN   TestMigrationUpdaterCoordinatorConnectedContracts/automatic/go-install/equal
=== RUN   TestMigrationUpdaterCoordinatorConnectedContracts/automatic/go-install/older
=== RUN   TestMigrationUpdaterCoordinatorConnectedContracts/automatic/go-install/newer
=== RUN   TestMigrationUpdaterCoordinatorConnectedContracts/automatic/go-install/prerelease
=== RUN   TestMigrationUpdaterCoordinatorConnectedContracts/automatic/go-install/build_metadata_equal
=== RUN   TestMigrationUpdaterCoordinatorConnectedContracts/automatic/release/absent
=== RUN   TestMigrationUpdaterCoordinatorConnectedContracts/automatic/release/equal
=== RUN   TestMigrationUpdaterCoordinatorConnectedContracts/automatic/release/older
=== RUN   TestMigrationUpdaterCoordinatorConnectedContracts/automatic/release/newer
=== RUN   TestMigrationUpdaterCoordinatorConnectedContracts/automatic/release/prerelease
=== RUN   TestMigrationUpdaterCoordinatorConnectedContracts/automatic/release/build_metadata_equal
=== RUN   TestMigrationUpdaterCoordinatorConnectedContracts/automatic/unknown-source/absent
=== RUN   TestMigrationUpdaterCoordinatorConnectedContracts/automatic/unknown-source/equal
=== RUN   TestMigrationUpdaterCoordinatorConnectedContracts/automatic/unknown-source/older
=== RUN   TestMigrationUpdaterCoordinatorConnectedContracts/automatic/unknown-source/newer
=== RUN   TestMigrationUpdaterCoordinatorConnectedContracts/automatic/unknown-source/prerelease
=== RUN   TestMigrationUpdaterCoordinatorConnectedContracts/automatic/unknown-source/build_metadata_equal
=== RUN   TestMigrationUpdaterCoordinatorConnectedContracts/automatic/dev_before_all_ports
=== RUN   TestMigrationUpdaterCoordinatorConnectedContracts/automatic/throttled/absent
=== RUN   TestMigrationUpdaterCoordinatorConnectedContracts/automatic/throttled/v2.0.0
=== RUN   TestMigrationUpdaterCoordinatorConnectedContracts/automatic/throttled/bad-tag
=== RUN   TestMigrationUpdaterCoordinatorConnectedContracts/automatic/skip_detector/absent
=== RUN   TestMigrationUpdaterCoordinatorConnectedContracts/automatic/skip_detector/equal
=== RUN   TestMigrationUpdaterCoordinatorConnectedContracts/automatic/skip_detector/older
=== RUN   TestMigrationUpdaterCoordinatorConnectedContracts/automatic/skip_detector/build_metadata_equal
=== RUN   TestMigrationUpdaterCoordinatorConnectedContracts/automatic/throttle_does_not_hide_checker_failure
=== NAME  TestMigrationUpdaterCoordinatorConnectedContracts
    migration_coordinator_connected_test.go:751: replayed 305 public coordinator/automatic cases
--- PASS: TestMigrationUpdaterCoordinatorConnectedContracts (0.12s)
    --- PASS: TestMigrationUpdaterCoordinatorConnectedContracts/explicit/development/absent/check_false/prerelease_false (0.00s)
    --- PASS: TestMigrationUpdaterCoordinatorConnectedContracts/explicit/development/absent/check_false/prerelease_true (0.00s)
    --- PASS: TestMigrationUpdaterCoordinatorConnectedContracts/explicit/development/absent/check_true/prerelease_false (0.00s)
    --- PASS: TestMigrationUpdaterCoordinatorConnectedContracts/explicit/development/absent/check_true/prerelease_true (0.00s)
    --- PASS: TestMigrationUpdaterCoordinatorConnectedContracts/explicit/development/equal/check_false/prerelease_false (0.00s)
    --- PASS: TestMigrationUpdaterCoordinatorConnectedContracts/explicit/development/equal/check_false/prerelease_true (0.00s)
    --- PASS: TestMigrationUpdaterCoordinatorConnectedContracts/explicit/development/equal/check_true/prerelease_false (0.00s)
    --- PASS: TestMigrationUpdaterCoordinatorConnectedContracts/explicit/development/equal/check_true/prerelease_true (0.00s)
    --- PASS: TestMigrationUpdaterCoordinatorConnectedContracts/explicit/development/older/check_false/prerelease_false (0.00s)
    --- PASS: TestMigrationUpdaterCoordinatorConnectedContracts/explicit/development/older/check_false/prerelease_true (0.00s)
    --- PASS: TestMigrationUpdaterCoordinatorConnectedContracts/explicit/development/older/check_true/prerelease_false (0.00s)
    --- PASS: TestMigrationUpdaterCoordinatorConnectedContracts/explicit/development/older/check_true/prerelease_true (0.00s)
    --- PASS: TestMigrationUpdaterCoordinatorConnectedContracts/explicit/development/newer/check_false/prerelease_false (0.00s)
    --- PASS: TestMigrationUpdaterCoordinatorConnectedContracts/explicit/development/newer/check_false/prerelease_true (0.00s)
    --- PASS: TestMigrationUpdaterCoordinatorConnectedContracts/explicit/development/newer/check_true/prerelease_false (0.00s)
    --- PASS: TestMigrationUpdaterCoordinatorConnectedContracts/explicit/development/newer/check_true/prerelease_true (0.00s)
    --- PASS: TestMigrationUpdaterCoordinatorConnectedContracts/explicit/development/prerelease/check_false/prerelease_false (0.00s)
    --- PASS: TestMigrationUpdaterCoordinatorConnectedContracts/explicit/development/prerelease/check_false/prerelease_true (0.00s)
    --- PASS: TestMigrationUpdaterCoordinatorConnectedContracts/explicit/development/prerelease/check_true/prerelease_false (0.00s)
    --- PASS: TestMigrationUpdaterCoordinatorConnectedContracts/explicit/development/prerelease/check_true/prerelease_true (0.00s)
    --- PASS: TestMigrationUpdaterCoordinatorConnectedContracts/explicit/development/build_metadata_equal/check_false/prerelease_false (0.00s)
    --- PASS: TestMigrationUpdaterCoordinatorConnectedContracts/explicit/development/build_metadata_equal/check_false/prerelease_true (0.00s)
    --- PASS: TestMigrationUpdaterCoordinatorConnectedContracts/explicit/development/build_metadata_equal/check_true/prerelease_false (0.00s)
    --- PASS: TestMigrationUpdaterCoordinatorConnectedContracts/explicit/development/build_metadata_equal/check_true/prerelease_true (0.00s)
    --- PASS: TestMigrationUpdaterCoordinatorConnectedContracts/explicit/homebrew-stable/absent/check_false/prerelease_false (0.00s)
    --- PASS: TestMigrationUpdaterCoordinatorConnectedContracts/explicit/homebrew-stable/absent/check_false/prerelease_true (0.00s)
    --- PASS: TestMigrationUpdaterCoordinatorConnectedContracts/explicit/homebrew-stable/absent/check_true/prerelease_false (0.00s)
    --- PASS: TestMigrationUpdaterCoordinatorConnectedContracts/explicit/homebrew-stable/absent/check_true/prerelease_true (0.00s)
    --- PASS: TestMigrationUpdaterCoordinatorConnectedContracts/explicit/homebrew-stable/equal/check_false/prerelease_false (0.00s)
    --- PASS: TestMigrationUpdaterCoordinatorConnectedContracts/explicit/homebrew-stable/equal/check_false/prerelease_true (0.00s)
    --- PASS: TestMigrationUpdaterCoordinatorConnectedContracts/explicit/homebrew-stable/equal/check_true/prerelease_false (0.00s)
    --- PASS: TestMigrationUpdaterCoordinatorConnectedContracts/explicit/homebrew-stable/equal/check_true/prerelease_true (0.00s)
    --- PASS: TestMigrationUpdaterCoordinatorConnectedContracts/explicit/homebrew-stable/older/check_false/prerelease_false (0.00s)
    --- PASS: TestMigrationUpdaterCoordinatorConnectedContracts/explicit/homebrew-stable/older/check_false/prerelease_true (0.00s)
    --- PASS: TestMigrationUpdaterCoordinatorConnectedContracts/explicit/homebrew-stable/older/check_true/prerelease_false (0.00s)
    --- PASS: TestMigrationUpdaterCoordinatorConnectedContracts/explicit/homebrew-stable/older/check_true/prerelease_true (0.00s)
    --- PASS: TestMigrationUpdaterCoordinatorConnectedContracts/explicit/homebrew-stable/newer/check_false/prerelease_false (0.00s)
    --- PASS: TestMigrationUpdaterCoordinatorConnectedContracts/explicit/homebrew-stable/newer/check_false/prerelease_true (0.00s)
    --- PASS: TestMigrationUpdaterCoordinatorConnectedContracts/explicit/homebrew-stable/newer/check_true/prerelease_false (0.00s)
    --- PASS: TestMigrationUpdaterCoordinatorConnectedContracts/explicit/homebrew-stable/newer/check_true/prerelease_true (0.00s)
    --- PASS: TestMigrationUpdaterCoordinatorConnectedContracts/explicit/homebrew-stable/prerelease/check_false/prerelease_false (0.00s)
    --- PASS: TestMigrationUpdaterCoordinatorConnectedContracts/explicit/homebrew-stable/prerelease/check_false/prerelease_true (0.00s)
    --- PASS: TestMigrationUpdaterCoordinatorConnectedContracts/explicit/homebrew-stable/prerelease/check_true/prerelease_false (0.00s)
    --- PASS: TestMigrationUpdaterCoordinatorConnectedContracts/explicit/homebrew-stable/prerelease/check_true/prerelease_true (0.00s)
    --- PASS: TestMigrationUpdaterCoordinatorConnectedContracts/explicit/homebrew-stable/build_metadata_equal/check_false/prerelease_false (0.00s)
    --- PASS: TestMigrationUpdaterCoordinatorConnectedContracts/explicit/homebrew-stable/build_metadata_equal/check_false/prerelease_true (0.00s)
    --- PASS: TestMigrationUpdaterCoordinatorConnectedContracts/explicit/homebrew-stable/build_metadata_equal/check_true/prerelease_false (0.00s)
    --- PASS: TestMigrationUpdaterCoordinatorConnectedContracts/explicit/homebrew-stable/build_metadata_equal/check_true/prerelease_true (0.00s)
    --- PASS: TestMigrationUpdaterCoordinatorConnectedContracts/explicit/homebrew-beta/absent/check_false/prerelease_false (0.00s)
    --- PASS: TestMigrationUpdaterCoordinatorConnectedContracts/explicit/homebrew-beta/absent/check_false/prerelease_true (0.00s)
    --- PASS: TestMigrationUpdaterCoordinatorConnectedContracts/explicit/homebrew-beta/absent/check_true/prerelease_false (0.00s)
    --- PASS: TestMigrationUpdaterCoordinatorConnectedContracts/explicit/homebrew-beta/absent/check_true/prerelease_true (0.00s)
    --- PASS: TestMigrationUpdaterCoordinatorConnectedContracts/explicit/homebrew-beta/equal/check_false/prerelease_false (0.00s)
    --- PASS: TestMigrationUpdaterCoordinatorConnectedContracts/explicit/homebrew-beta/equal/check_false/prerelease_true (0.00s)
    --- PASS: TestMigrationUpdaterCoordinatorConnectedContracts/explicit/homebrew-beta/equal/check_true/prerelease_false (0.00s)
    --- PASS: TestMigrationUpdaterCoordinatorConnectedContracts/explicit/homebrew-beta/equal/check_true/prerelease_true (0.00s)
    --- PASS: TestMigrationUpdaterCoordinatorConnectedContracts/explicit/homebrew-beta/older/check_false/prerelease_false (0.00s)
    --- PASS: TestMigrationUpdaterCoordinatorConnectedContracts/explicit/homebrew-beta/older/check_false/prerelease_true (0.00s)
    --- PASS: TestMigrationUpdaterCoordinatorConnectedContracts/explicit/homebrew-beta/older/check_true/prerelease_false (0.00s)
    --- PASS: TestMigrationUpdaterCoordinatorConnectedContracts/explicit/homebrew-beta/older/check_true/prerelease_true (0.00s)
    --- PASS: TestMigrationUpdaterCoordinatorConnectedContracts/explicit/homebrew-beta/newer/check_false/prerelease_false (0.00s)
    --- PASS: TestMigrationUpdaterCoordinatorConnectedContracts/explicit/homebrew-beta/newer/check_false/prerelease_true (0.00s)
    --- PASS: TestMigrationUpdaterCoordinatorConnectedContracts/explicit/homebrew-beta/newer/check_true/prerelease_false (0.00s)
    --- PASS: TestMigrationUpdaterCoordinatorConnectedContracts/explicit/homebrew-beta/newer/check_true/prerelease_true (0.00s)
    --- PASS: TestMigrationUpdaterCoordinatorConnectedContracts/explicit/homebrew-beta/prerelease/check_false/prerelease_false (0.00s)
    --- PASS: TestMigrationUpdaterCoordinatorConnectedContracts/explicit/homebrew-beta/prerelease/check_false/prerelease_true (0.00s)
    --- PASS: TestMigrationUpdaterCoordinatorConnectedContracts/explicit/homebrew-beta/prerelease/check_true/prerelease_false (0.00s)
    --- PASS: TestMigrationUpdaterCoordinatorConnectedContracts/explicit/homebrew-beta/prerelease/check_true/prerelease_true (0.00s)
    --- PASS: TestMigrationUpdaterCoordinatorConnectedContracts/explicit/homebrew-beta/build_metadata_equal/check_false/prerelease_false (0.00s)
    --- PASS: TestMigrationUpdaterCoordinatorConnectedContracts/explicit/homebrew-beta/build_metadata_equal/check_false/prerelease_true (0.00s)
    --- PASS: TestMigrationUpdaterCoordinatorConnectedContracts/explicit/homebrew-beta/build_metadata_equal/check_true/prerelease_false (0.00s)
    --- PASS: TestMigrationUpdaterCoordinatorConnectedContracts/explicit/homebrew-beta/build_metadata_equal/check_true/prerelease_true (0.00s)
    --- PASS: TestMigrationUpdaterCoordinatorConnectedContracts/explicit/go-install/absent/check_false/prerelease_false (0.00s)
    --- PASS: TestMigrationUpdaterCoordinatorConnectedContracts/explicit/go-install/absent/check_false/prerelease_true (0.00s)
    --- PASS: TestMigrationUpdaterCoordinatorConnectedContracts/explicit/go-install/absent/check_true/prerelease_false (0.00s)
    --- PASS: TestMigrationUpdaterCoordinatorConnectedContracts/explicit/go-install/absent/check_true/prerelease_true (0.00s)
    --- PASS: TestMigrationUpdaterCoordinatorConnectedContracts/explicit/go-install/equal/check_false/prerelease_false (0.00s)
    --- PASS: TestMigrationUpdaterCoordinatorConnectedContracts/explicit/go-install/equal/check_false/prerelease_true (0.00s)
    --- PASS: TestMigrationUpdaterCoordinatorConnectedContracts/explicit/go-install/equal/check_true/prerelease_false (0.00s)
    --- PASS: TestMigrationUpdaterCoordinatorConnectedContracts/explicit/go-install/equal/check_true/prerelease_true (0.00s)
    --- PASS: TestMigrationUpdaterCoordinatorConnectedContracts/explicit/go-install/older/check_false/prerelease_false (0.00s)
    --- PASS: TestMigrationUpdaterCoordinatorConnectedContracts/explicit/go-install/older/check_false/prerelease_true (0.00s)
    --- PASS: TestMigrationUpdaterCoordinatorConnectedContracts/explicit/go-install/older/check_true/prerelease_false (0.00s)
    --- PASS: TestMigrationUpdaterCoordinatorConnectedContracts/explicit/go-install/older/check_true/prerelease_true (0.00s)
    --- PASS: TestMigrationUpdaterCoordinatorConnectedContracts/explicit/go-install/newer/check_false/prerelease_false (0.00s)
    --- PASS: TestMigrationUpdaterCoordinatorConnectedContracts/explicit/go-install/newer/check_false/prerelease_true (0.00s)
    --- PASS: TestMigrationUpdaterCoordinatorConnectedContracts/explicit/go-install/newer/check_true/prerelease_false (0.00s)
    --- PASS: TestMigrationUpdaterCoordinatorConnectedContracts/explicit/go-install/newer/check_true/prerelease_true (0.00s)
    --- PASS: TestMigrationUpdaterCoordinatorConnectedContracts/explicit/go-install/prerelease/check_false/prerelease_false (0.00s)
    --- PASS: TestMigrationUpdaterCoordinatorConnectedContracts/explicit/go-install/prerelease/check_false/prerelease_true (0.00s)
    --- PASS: TestMigrationUpdaterCoordinatorConnectedContracts/explicit/go-install/prerelease/check_true/prerelease_false (0.00s)
    --- PASS: TestMigrationUpdaterCoordinatorConnectedContracts/explicit/go-install/prerelease/check_true/prerelease_true (0.00s)
    --- PASS: TestMigrationUpdaterCoordinatorConnectedContracts/explicit/go-install/build_metadata_equal/check_false/prerelease_false (0.00s)
    --- PASS: TestMigrationUpdaterCoordinatorConnectedContracts/explicit/go-install/build_metadata_equal/check_false/prerelease_true (0.00s)
    --- PASS: TestMigrationUpdaterCoordinatorConnectedContracts/explicit/go-install/build_metadata_equal/check_true/prerelease_false (0.00s)
    --- PASS: TestMigrationUpdaterCoordinatorConnectedContracts/explicit/go-install/build_metadata_equal/check_true/prerelease_true (0.00s)
    --- PASS: TestMigrationUpdaterCoordinatorConnectedContracts/explicit/release/absent/check_false/prerelease_false (0.00s)
    --- PASS: TestMigrationUpdaterCoordinatorConnectedContracts/explicit/release/absent/check_false/prerelease_true (0.00s)
    --- PASS: TestMigrationUpdaterCoordinatorConnectedContracts/explicit/release/absent/check_true/prerelease_false (0.00s)
    --- PASS: TestMigrationUpdaterCoordinatorConnectedContracts/explicit/release/absent/check_true/prerelease_true (0.00s)
    --- PASS: TestMigrationUpdaterCoordinatorConnectedContracts/explicit/release/equal/check_false/prerelease_false (0.00s)
    --- PASS: TestMigrationUpdaterCoordinatorConnectedContracts/explicit/release/equal/check_false/prerelease_true (0.00s)
    --- PASS: TestMigrationUpdaterCoordinatorConnectedContracts/explicit/release/equal/check_true/prerelease_false (0.00s)
    --- PASS: TestMigrationUpdaterCoordinatorConnectedContracts/explicit/release/equal/check_true/prerelease_true (0.00s)
    --- PASS: TestMigrationUpdaterCoordinatorConnectedContracts/explicit/release/older/check_false/prerelease_false (0.00s)
    --- PASS: TestMigrationUpdaterCoordinatorConnectedContracts/explicit/release/older/check_false/prerelease_true (0.00s)
    --- PASS: TestMigrationUpdaterCoordinatorConnectedContracts/explicit/release/older/check_true/prerelease_false (0.00s)
    --- PASS: TestMigrationUpdaterCoordinatorConnectedContracts/explicit/release/older/check_true/prerelease_true (0.00s)
    --- PASS: TestMigrationUpdaterCoordinatorConnectedContracts/explicit/release/newer/check_false/prerelease_false (0.00s)
    --- PASS: TestMigrationUpdaterCoordinatorConnectedContracts/explicit/release/newer/check_false/prerelease_true (0.00s)
    --- PASS: TestMigrationUpdaterCoordinatorConnectedContracts/explicit/release/newer/check_true/prerelease_false (0.00s)
    --- PASS: TestMigrationUpdaterCoordinatorConnectedContracts/explicit/release/newer/check_true/prerelease_true (0.00s)
    --- PASS: TestMigrationUpdaterCoordinatorConnectedContracts/explicit/release/prerelease/check_false/prerelease_false (0.00s)
    --- PASS: TestMigrationUpdaterCoordinatorConnectedContracts/explicit/release/prerelease/check_false/prerelease_true (0.00s)
    --- PASS: TestMigrationUpdaterCoordinatorConnectedContracts/explicit/release/prerelease/check_true/prerelease_false (0.00s)
    --- PASS: TestMigrationUpdaterCoordinatorConnectedContracts/explicit/release/prerelease/check_true/prerelease_true (0.00s)
    --- PASS: TestMigrationUpdaterCoordinatorConnectedContracts/explicit/release/build_metadata_equal/check_false/prerelease_false (0.00s)
    --- PASS: TestMigrationUpdaterCoordinatorConnectedContracts/explicit/release/build_metadata_equal/check_false/prerelease_true (0.00s)
    --- PASS: TestMigrationUpdaterCoordinatorConnectedContracts/explicit/release/build_metadata_equal/check_true/prerelease_false (0.00s)
    --- PASS: TestMigrationUpdaterCoordinatorConnectedContracts/explicit/release/build_metadata_equal/check_true/prerelease_true (0.00s)
    --- PASS: TestMigrationUpdaterCoordinatorConnectedContracts/homebrew_switch/homebrew-stable/absent/uninstall_failure (0.00s)
    --- PASS: TestMigrationUpdaterCoordinatorConnectedContracts/homebrew_switch/homebrew-stable/absent/rollback_success (0.00s)
    --- PASS: TestMigrationUpdaterCoordinatorConnectedContracts/homebrew_switch/homebrew-stable/absent/rollback_failure (0.00s)
    --- PASS: TestMigrationUpdaterCoordinatorConnectedContracts/homebrew_switch/homebrew-stable/downgrade/uninstall_failure (0.00s)
    --- PASS: TestMigrationUpdaterCoordinatorConnectedContracts/homebrew_switch/homebrew-stable/downgrade/rollback_success (0.00s)
    --- PASS: TestMigrationUpdaterCoordinatorConnectedContracts/homebrew_switch/homebrew-stable/downgrade/rollback_failure (0.00s)
    --- PASS: TestMigrationUpdaterCoordinatorConnectedContracts/homebrew_upgrade_failure/homebrew-stable (0.00s)
    --- PASS: TestMigrationUpdaterCoordinatorConnectedContracts/homebrew_switch/homebrew-beta/absent/uninstall_failure (0.00s)
    --- PASS: TestMigrationUpdaterCoordinatorConnectedContracts/homebrew_switch/homebrew-beta/absent/rollback_success (0.00s)
    --- PASS: TestMigrationUpdaterCoordinatorConnectedContracts/homebrew_switch/homebrew-beta/absent/rollback_failure (0.00s)
    --- PASS: TestMigrationUpdaterCoordinatorConnectedContracts/homebrew_switch/homebrew-beta/downgrade/uninstall_failure (0.00s)
    --- PASS: TestMigrationUpdaterCoordinatorConnectedContracts/homebrew_switch/homebrew-beta/downgrade/rollback_success (0.00s)
    --- PASS: TestMigrationUpdaterCoordinatorConnectedContracts/homebrew_switch/homebrew-beta/downgrade/rollback_failure (0.00s)
    --- PASS: TestMigrationUpdaterCoordinatorConnectedContracts/homebrew_upgrade_failure/homebrew-beta (0.00s)
    --- PASS: TestMigrationUpdaterCoordinatorConnectedContracts/missing_runner/homebrew-stable/absent/check_false/prerelease_false (0.00s)
    --- PASS: TestMigrationUpdaterCoordinatorConnectedContracts/missing_runner/homebrew-stable/equal/check_false/prerelease_false (0.00s)
    --- PASS: TestMigrationUpdaterCoordinatorConnectedContracts/missing_runner/homebrew-stable/older/check_false/prerelease_false (0.00s)
    --- PASS: TestMigrationUpdaterCoordinatorConnectedContracts/missing_runner/homebrew-stable/newer/check_false/prerelease_false (0.00s)
    --- PASS: TestMigrationUpdaterCoordinatorConnectedContracts/missing_runner/homebrew-stable/absent/check_false/prerelease_true (0.00s)
    --- PASS: TestMigrationUpdaterCoordinatorConnectedContracts/missing_runner/homebrew-stable/equal/check_false/prerelease_true (0.00s)
    --- PASS: TestMigrationUpdaterCoordinatorConnectedContracts/missing_runner/homebrew-stable/older/check_false/prerelease_true (0.00s)
    --- PASS: TestMigrationUpdaterCoordinatorConnectedContracts/missing_runner/homebrew-stable/newer/check_false/prerelease_true (0.00s)
    --- PASS: TestMigrationUpdaterCoordinatorConnectedContracts/missing_runner/homebrew-stable/absent/check_true/prerelease_false (0.00s)
    --- PASS: TestMigrationUpdaterCoordinatorConnectedContracts/missing_runner/homebrew-stable/equal/check_true/prerelease_false (0.00s)
    --- PASS: TestMigrationUpdaterCoordinatorConnectedContracts/missing_runner/homebrew-stable/older/check_true/prerelease_false (0.00s)
    --- PASS: TestMigrationUpdaterCoordinatorConnectedContracts/missing_runner/homebrew-stable/newer/check_true/prerelease_false (0.00s)
    --- PASS: TestMigrationUpdaterCoordinatorConnectedContracts/missing_runner/homebrew-stable/absent/check_true/prerelease_true (0.00s)
    --- PASS: TestMigrationUpdaterCoordinatorConnectedContracts/missing_runner/homebrew-stable/equal/check_true/prerelease_true (0.00s)
    --- PASS: TestMigrationUpdaterCoordinatorConnectedContracts/missing_runner/homebrew-stable/older/check_true/prerelease_true (0.00s)
    --- PASS: TestMigrationUpdaterCoordinatorConnectedContracts/missing_runner/homebrew-stable/newer/check_true/prerelease_true (0.00s)
    --- PASS: TestMigrationUpdaterCoordinatorConnectedContracts/missing_runner/homebrew-beta/absent/check_false/prerelease_false (0.00s)
    --- PASS: TestMigrationUpdaterCoordinatorConnectedContracts/missing_runner/homebrew-beta/equal/check_false/prerelease_false (0.00s)
    --- PASS: TestMigrationUpdaterCoordinatorConnectedContracts/missing_runner/homebrew-beta/older/check_false/prerelease_false (0.00s)
    --- PASS: TestMigrationUpdaterCoordinatorConnectedContracts/missing_runner/homebrew-beta/newer/check_false/prerelease_false (0.00s)
    --- PASS: TestMigrationUpdaterCoordinatorConnectedContracts/missing_runner/homebrew-beta/absent/check_false/prerelease_true (0.00s)
    --- PASS: TestMigrationUpdaterCoordinatorConnectedContracts/missing_runner/homebrew-beta/equal/check_false/prerelease_true (0.00s)
    --- PASS: TestMigrationUpdaterCoordinatorConnectedContracts/missing_runner/homebrew-beta/older/check_false/prerelease_true (0.00s)
    --- PASS: TestMigrationUpdaterCoordinatorConnectedContracts/missing_runner/homebrew-beta/newer/check_false/prerelease_true (0.00s)
    --- PASS: TestMigrationUpdaterCoordinatorConnectedContracts/missing_runner/homebrew-beta/absent/check_true/prerelease_false (0.00s)
    --- PASS: TestMigrationUpdaterCoordinatorConnectedContracts/missing_runner/homebrew-beta/equal/check_true/prerelease_false (0.00s)
    --- PASS: TestMigrationUpdaterCoordinatorConnectedContracts/missing_runner/homebrew-beta/older/check_true/prerelease_false (0.00s)
    --- PASS: TestMigrationUpdaterCoordinatorConnectedContracts/missing_runner/homebrew-beta/newer/check_true/prerelease_false (0.00s)
    --- PASS: TestMigrationUpdaterCoordinatorConnectedContracts/missing_runner/homebrew-beta/absent/check_true/prerelease_true (0.00s)
    --- PASS: TestMigrationUpdaterCoordinatorConnectedContracts/missing_runner/homebrew-beta/equal/check_true/prerelease_true (0.00s)
    --- PASS: TestMigrationUpdaterCoordinatorConnectedContracts/missing_runner/homebrew-beta/older/check_true/prerelease_true (0.00s)
    --- PASS: TestMigrationUpdaterCoordinatorConnectedContracts/missing_runner/homebrew-beta/newer/check_true/prerelease_true (0.00s)
    --- PASS: TestMigrationUpdaterCoordinatorConnectedContracts/missing_runner/go-install/absent/check_false/prerelease_false (0.00s)
    --- PASS: TestMigrationUpdaterCoordinatorConnectedContracts/missing_runner/go-install/equal/check_false/prerelease_false (0.00s)
    --- PASS: TestMigrationUpdaterCoordinatorConnectedContracts/missing_runner/go-install/older/check_false/prerelease_false (0.00s)
    --- PASS: TestMigrationUpdaterCoordinatorConnectedContracts/missing_runner/go-install/newer/check_false/prerelease_false (0.00s)
    --- PASS: TestMigrationUpdaterCoordinatorConnectedContracts/missing_runner/go-install/absent/check_false/prerelease_true (0.00s)
    --- PASS: TestMigrationUpdaterCoordinatorConnectedContracts/missing_runner/go-install/equal/check_false/prerelease_true (0.00s)
    --- PASS: TestMigrationUpdaterCoordinatorConnectedContracts/missing_runner/go-install/older/check_false/prerelease_true (0.00s)
    --- PASS: TestMigrationUpdaterCoordinatorConnectedContracts/missing_runner/go-install/newer/check_false/prerelease_true (0.00s)
    --- PASS: TestMigrationUpdaterCoordinatorConnectedContracts/missing_runner/go-install/absent/check_true/prerelease_false (0.00s)
    --- PASS: TestMigrationUpdaterCoordinatorConnectedContracts/missing_runner/go-install/equal/check_true/prerelease_false (0.00s)
    --- PASS: TestMigrationUpdaterCoordinatorConnectedContracts/missing_runner/go-install/older/check_true/prerelease_false (0.00s)
    --- PASS: TestMigrationUpdaterCoordinatorConnectedContracts/missing_runner/go-install/newer/check_true/prerelease_false (0.00s)
    --- PASS: TestMigrationUpdaterCoordinatorConnectedContracts/missing_runner/go-install/absent/check_true/prerelease_true (0.00s)
    --- PASS: TestMigrationUpdaterCoordinatorConnectedContracts/missing_runner/go-install/equal/check_true/prerelease_true (0.00s)
    --- PASS: TestMigrationUpdaterCoordinatorConnectedContracts/missing_runner/go-install/older/check_true/prerelease_true (0.00s)
    --- PASS: TestMigrationUpdaterCoordinatorConnectedContracts/missing_runner/go-install/newer/check_true/prerelease_true (0.00s)
    --- PASS: TestMigrationUpdaterCoordinatorConnectedContracts/coordinator_constructor/both (0.00s)
    --- PASS: TestMigrationUpdaterCoordinatorConnectedContracts/coordinator_constructor/detector (0.00s)
    --- PASS: TestMigrationUpdaterCoordinatorConnectedContracts/coordinator_constructor/checker (0.00s)
    --- PASS: TestMigrationUpdaterCoordinatorConnectedContracts/coordinator_constructor/none (0.00s)
    --- PASS: TestMigrationUpdaterCoordinatorConnectedContracts/coordinator_nil (0.00s)
    --- PASS: TestMigrationUpdaterCoordinatorConnectedContracts/coordinator/current_invalid/not-a-version (0.00s)
    --- PASS: TestMigrationUpdaterCoordinatorConnectedContracts/coordinator/selected_invalid/not-a-version (0.00s)
    --- PASS: TestMigrationUpdaterCoordinatorConnectedContracts/coordinator/current_invalid/v01.0.0 (0.00s)
    --- PASS: TestMigrationUpdaterCoordinatorConnectedContracts/coordinator/selected_invalid/v01.0.0 (0.00s)
    --- PASS: TestMigrationUpdaterCoordinatorConnectedContracts/coordinator/current_invalid/v1.0.0-01 (0.00s)
    --- PASS: TestMigrationUpdaterCoordinatorConnectedContracts/coordinator/selected_invalid/v1.0.0-01 (0.00s)
    --- PASS: TestMigrationUpdaterCoordinatorConnectedContracts/coordinator/checker_failure (0.00s)
    --- PASS: TestMigrationUpdaterCoordinatorConnectedContracts/coordinator/detector_failure (0.00s)
    --- PASS: TestMigrationUpdaterCoordinatorConnectedContracts/coordinator/detector_failure_invalid_current (0.00s)
    --- PASS: TestMigrationUpdaterCoordinatorConnectedContracts/coordinator/prerelease_progress (0.00s)
    --- PASS: TestMigrationUpdaterCoordinatorConnectedContracts/coordinator/stable_after_prerelease (0.00s)
    --- PASS: TestMigrationUpdaterCoordinatorConnectedContracts/coordinator/prerelease_below_stable (0.00s)
    --- PASS: TestMigrationUpdaterCoordinatorConnectedContracts/coordinator/unbounded_numeric (0.00s)
    --- PASS: TestMigrationUpdaterCoordinatorConnectedContracts/coordinator/context_canceled/development (0.00s)
    --- PASS: TestMigrationUpdaterCoordinatorConnectedContracts/coordinator/context_deadline/development (0.00s)
    --- PASS: TestMigrationUpdaterCoordinatorConnectedContracts/coordinator/context_canceled/homebrew-stable (0.00s)
    --- PASS: TestMigrationUpdaterCoordinatorConnectedContracts/coordinator/context_deadline/homebrew-stable (0.00s)
    --- PASS: TestMigrationUpdaterCoordinatorConnectedContracts/coordinator/context_canceled/homebrew-beta (0.00s)
    --- PASS: TestMigrationUpdaterCoordinatorConnectedContracts/coordinator/context_deadline/homebrew-beta (0.00s)
    --- PASS: TestMigrationUpdaterCoordinatorConnectedContracts/coordinator/context_canceled/go-install (0.00s)
    --- PASS: TestMigrationUpdaterCoordinatorConnectedContracts/coordinator/context_deadline/go-install (0.00s)
    --- PASS: TestMigrationUpdaterCoordinatorConnectedContracts/coordinator/context_canceled/release (0.00s)
    --- PASS: TestMigrationUpdaterCoordinatorConnectedContracts/coordinator/context_deadline/release (0.00s)
    --- PASS: TestMigrationUpdaterCoordinatorConnectedContracts/coordinator/context_canceled/unknown-source (0.00s)
    --- PASS: TestMigrationUpdaterCoordinatorConnectedContracts/coordinator/context_deadline/unknown-source (0.00s)
    --- PASS: TestMigrationUpdaterCoordinatorConnectedContracts/automatic_constructor/both (0.00s)
    --- PASS: TestMigrationUpdaterCoordinatorConnectedContracts/automatic_constructor/detector (0.00s)
    --- PASS: TestMigrationUpdaterCoordinatorConnectedContracts/automatic_constructor/checker (0.00s)
    --- PASS: TestMigrationUpdaterCoordinatorConnectedContracts/automatic_constructor/none (0.00s)
    --- PASS: TestMigrationUpdaterCoordinatorConnectedContracts/automatic_nil (0.00s)
    --- PASS: TestMigrationUpdaterCoordinatorConnectedContracts/automatic/current_invalid/not-a-version (0.00s)
    --- PASS: TestMigrationUpdaterCoordinatorConnectedContracts/automatic/selected_invalid/not-a-version (0.00s)
    --- PASS: TestMigrationUpdaterCoordinatorConnectedContracts/automatic/current_invalid/v01.0.0 (0.00s)
    --- PASS: TestMigrationUpdaterCoordinatorConnectedContracts/automatic/selected_invalid/v01.0.0 (0.00s)
    --- PASS: TestMigrationUpdaterCoordinatorConnectedContracts/automatic/current_invalid/v1.0.0-01 (0.00s)
    --- PASS: TestMigrationUpdaterCoordinatorConnectedContracts/automatic/selected_invalid/v1.0.0-01 (0.00s)
    --- PASS: TestMigrationUpdaterCoordinatorConnectedContracts/automatic/checker_failure (0.00s)
    --- PASS: TestMigrationUpdaterCoordinatorConnectedContracts/automatic/detector_failure (0.00s)
    --- PASS: TestMigrationUpdaterCoordinatorConnectedContracts/automatic/detector_failure_invalid_current (0.00s)
    --- PASS: TestMigrationUpdaterCoordinatorConnectedContracts/automatic/prerelease_progress (0.00s)
    --- PASS: TestMigrationUpdaterCoordinatorConnectedContracts/automatic/stable_after_prerelease (0.00s)
    --- PASS: TestMigrationUpdaterCoordinatorConnectedContracts/automatic/prerelease_below_stable (0.00s)
    --- PASS: TestMigrationUpdaterCoordinatorConnectedContracts/automatic/unbounded_numeric (0.00s)
    --- PASS: TestMigrationUpdaterCoordinatorConnectedContracts/automatic/context_canceled/development (0.00s)
    --- PASS: TestMigrationUpdaterCoordinatorConnectedContracts/automatic/context_deadline/development (0.00s)
    --- PASS: TestMigrationUpdaterCoordinatorConnectedContracts/automatic/context_canceled/homebrew-stable (0.00s)
    --- PASS: TestMigrationUpdaterCoordinatorConnectedContracts/automatic/context_deadline/homebrew-stable (0.00s)
    --- PASS: TestMigrationUpdaterCoordinatorConnectedContracts/automatic/context_canceled/homebrew-beta (0.00s)
    --- PASS: TestMigrationUpdaterCoordinatorConnectedContracts/automatic/context_deadline/homebrew-beta (0.00s)
    --- PASS: TestMigrationUpdaterCoordinatorConnectedContracts/automatic/context_canceled/go-install (0.00s)
    --- PASS: TestMigrationUpdaterCoordinatorConnectedContracts/automatic/context_deadline/go-install (0.00s)
    --- PASS: TestMigrationUpdaterCoordinatorConnectedContracts/automatic/context_canceled/release (0.00s)
    --- PASS: TestMigrationUpdaterCoordinatorConnectedContracts/automatic/context_deadline/release (0.00s)
    --- PASS: TestMigrationUpdaterCoordinatorConnectedContracts/automatic/context_canceled/unknown-source (0.00s)
    --- PASS: TestMigrationUpdaterCoordinatorConnectedContracts/automatic/context_deadline/unknown-source (0.00s)
    --- PASS: TestMigrationUpdaterCoordinatorConnectedContracts/installation_failure/release/installer (0.00s)
    --- PASS: TestMigrationUpdaterCoordinatorConnectedContracts/installation_failure/release/context_canceled (0.00s)
    --- PASS: TestMigrationUpdaterCoordinatorConnectedContracts/installation_failure/release/context_deadline (0.00s)
    --- PASS: TestMigrationUpdaterCoordinatorConnectedContracts/installation_failure/go-install/installer (0.00s)
    --- PASS: TestMigrationUpdaterCoordinatorConnectedContracts/installation_failure/go-install/context_canceled (0.00s)
    --- PASS: TestMigrationUpdaterCoordinatorConnectedContracts/installation_failure/go-install/context_deadline (0.00s)
    --- PASS: TestMigrationUpdaterCoordinatorConnectedContracts/default_installer/no_trusted_key (0.00s)
    --- PASS: TestMigrationUpdaterCoordinatorConnectedContracts/default_installer/check_barrier (0.00s)
    --- PASS: TestMigrationUpdaterCoordinatorConnectedContracts/explicit/development_before_version_parse (0.00s)
    --- PASS: TestMigrationUpdaterCoordinatorConnectedContracts/explicit/dev_build_injected_release_source (0.00s)
    --- PASS: TestMigrationUpdaterCoordinatorConnectedContracts/explicit/throttled_with_candidate/homebrew-stable (0.00s)
    --- PASS: TestMigrationUpdaterCoordinatorConnectedContracts/explicit/throttled_absent/homebrew-stable (0.00s)
    --- PASS: TestMigrationUpdaterCoordinatorConnectedContracts/explicit/throttled_with_candidate/go-install (0.00s)
    --- PASS: TestMigrationUpdaterCoordinatorConnectedContracts/explicit/throttled_absent/go-install (0.00s)
    --- PASS: TestMigrationUpdaterCoordinatorConnectedContracts/explicit/throttled_with_candidate/release (0.00s)
    --- PASS: TestMigrationUpdaterCoordinatorConnectedContracts/explicit/throttled_absent/release (0.00s)
    --- PASS: TestMigrationUpdaterCoordinatorConnectedContracts/explicit/throttled_with_candidate/unknown-source (0.00s)
    --- PASS: TestMigrationUpdaterCoordinatorConnectedContracts/explicit/throttled_absent/unknown-source (0.00s)
    --- PASS: TestMigrationUpdaterCoordinatorConnectedContracts/automatic/development/absent (0.00s)
    --- PASS: TestMigrationUpdaterCoordinatorConnectedContracts/automatic/development/equal (0.00s)
    --- PASS: TestMigrationUpdaterCoordinatorConnectedContracts/automatic/development/older (0.00s)
    --- PASS: TestMigrationUpdaterCoordinatorConnectedContracts/automatic/development/newer (0.00s)
    --- PASS: TestMigrationUpdaterCoordinatorConnectedContracts/automatic/development/prerelease (0.00s)
    --- PASS: TestMigrationUpdaterCoordinatorConnectedContracts/automatic/development/build_metadata_equal (0.00s)
    --- PASS: TestMigrationUpdaterCoordinatorConnectedContracts/automatic/homebrew-stable/absent (0.00s)
    --- PASS: TestMigrationUpdaterCoordinatorConnectedContracts/automatic/homebrew-stable/equal (0.00s)
    --- PASS: TestMigrationUpdaterCoordinatorConnectedContracts/automatic/homebrew-stable/older (0.00s)
    --- PASS: TestMigrationUpdaterCoordinatorConnectedContracts/automatic/homebrew-stable/newer (0.00s)
    --- PASS: TestMigrationUpdaterCoordinatorConnectedContracts/automatic/homebrew-stable/prerelease (0.00s)
    --- PASS: TestMigrationUpdaterCoordinatorConnectedContracts/automatic/homebrew-stable/build_metadata_equal (0.00s)
    --- PASS: TestMigrationUpdaterCoordinatorConnectedContracts/automatic/homebrew-beta/absent (0.00s)
    --- PASS: TestMigrationUpdaterCoordinatorConnectedContracts/automatic/homebrew-beta/equal (0.00s)
    --- PASS: TestMigrationUpdaterCoordinatorConnectedContracts/automatic/homebrew-beta/older (0.00s)
    --- PASS: TestMigrationUpdaterCoordinatorConnectedContracts/automatic/homebrew-beta/newer (0.00s)
    --- PASS: TestMigrationUpdaterCoordinatorConnectedContracts/automatic/homebrew-beta/prerelease (0.00s)
    --- PASS: TestMigrationUpdaterCoordinatorConnectedContracts/automatic/homebrew-beta/build_metadata_equal (0.00s)
    --- PASS: TestMigrationUpdaterCoordinatorConnectedContracts/automatic/go-install/absent (0.00s)
    --- PASS: TestMigrationUpdaterCoordinatorConnectedContracts/automatic/go-install/equal (0.00s)
    --- PASS: TestMigrationUpdaterCoordinatorConnectedContracts/automatic/go-install/older (0.00s)
    --- PASS: TestMigrationUpdaterCoordinatorConnectedContracts/automatic/go-install/newer (0.00s)
    --- PASS: TestMigrationUpdaterCoordinatorConnectedContracts/automatic/go-install/prerelease (0.00s)
    --- PASS: TestMigrationUpdaterCoordinatorConnectedContracts/automatic/go-install/build_metadata_equal (0.00s)
    --- PASS: TestMigrationUpdaterCoordinatorConnectedContracts/automatic/release/absent (0.00s)
    --- PASS: TestMigrationUpdaterCoordinatorConnectedContracts/automatic/release/equal (0.00s)
    --- PASS: TestMigrationUpdaterCoordinatorConnectedContracts/automatic/release/older (0.00s)
    --- PASS: TestMigrationUpdaterCoordinatorConnectedContracts/automatic/release/newer (0.00s)
    --- PASS: TestMigrationUpdaterCoordinatorConnectedContracts/automatic/release/prerelease (0.00s)
    --- PASS: TestMigrationUpdaterCoordinatorConnectedContracts/automatic/release/build_metadata_equal (0.00s)
    --- PASS: TestMigrationUpdaterCoordinatorConnectedContracts/automatic/unknown-source/absent (0.00s)
    --- PASS: TestMigrationUpdaterCoordinatorConnectedContracts/automatic/unknown-source/equal (0.00s)
    --- PASS: TestMigrationUpdaterCoordinatorConnectedContracts/automatic/unknown-source/older (0.00s)
    --- PASS: TestMigrationUpdaterCoordinatorConnectedContracts/automatic/unknown-source/newer (0.00s)
    --- PASS: TestMigrationUpdaterCoordinatorConnectedContracts/automatic/unknown-source/prerelease (0.00s)
    --- PASS: TestMigrationUpdaterCoordinatorConnectedContracts/automatic/unknown-source/build_metadata_equal (0.00s)
    --- PASS: TestMigrationUpdaterCoordinatorConnectedContracts/automatic/dev_before_all_ports (0.00s)
    --- PASS: TestMigrationUpdaterCoordinatorConnectedContracts/automatic/throttled/absent (0.00s)
    --- PASS: TestMigrationUpdaterCoordinatorConnectedContracts/automatic/throttled/v2.0.0 (0.00s)
    --- PASS: TestMigrationUpdaterCoordinatorConnectedContracts/automatic/throttled/bad-tag (0.00s)
    --- PASS: TestMigrationUpdaterCoordinatorConnectedContracts/automatic/skip_detector/absent (0.00s)
    --- PASS: TestMigrationUpdaterCoordinatorConnectedContracts/automatic/skip_detector/equal (0.00s)
    --- PASS: TestMigrationUpdaterCoordinatorConnectedContracts/automatic/skip_detector/older (0.00s)
    --- PASS: TestMigrationUpdaterCoordinatorConnectedContracts/automatic/skip_detector/build_metadata_equal (0.00s)
    --- PASS: TestMigrationUpdaterCoordinatorConnectedContracts/automatic/throttle_does_not_hide_checker_failure (0.00s)
=== RUN   TestUpdateCoordinatorDefaultReleaseInstallerReportsMissingTrustedKey
--- PASS: TestUpdateCoordinatorDefaultReleaseInstallerReportsMissingTrustedKey (0.00s)
=== RUN   TestNewGitHubReleaseClientDefaultCacheUsesApplicationDataDirectory
--- PASS: TestNewGitHubReleaseClientDefaultCacheUsesApplicationDataDirectory (0.00s)
=== RUN   TestAutomaticUpdateCheckerReportsStableReleaseNotice
--- PASS: TestAutomaticUpdateCheckerReportsStableReleaseNotice (0.00s)
=== RUN   TestAutomaticUpdateCheckerPreservesFailures
=== RUN   TestAutomaticUpdateCheckerPreservesFailures/invalid_current_version
=== RUN   TestAutomaticUpdateCheckerPreservesFailures/release_checker
=== RUN   TestAutomaticUpdateCheckerPreservesFailures/invalid_selected_tag
=== RUN   TestAutomaticUpdateCheckerPreservesFailures/source_detector
--- PASS: TestAutomaticUpdateCheckerPreservesFailures (0.00s)
    --- PASS: TestAutomaticUpdateCheckerPreservesFailures/invalid_current_version (0.00s)
    --- PASS: TestAutomaticUpdateCheckerPreservesFailures/release_checker (0.00s)
    --- PASS: TestAutomaticUpdateCheckerPreservesFailures/invalid_selected_tag (0.00s)
    --- PASS: TestAutomaticUpdateCheckerPreservesFailures/source_detector (0.00s)
=== RUN   TestUpdateCoordinatorGoInstallUsesExactReleaseTag
--- PASS: TestUpdateCoordinatorGoInstallUsesExactReleaseTag (0.00s)
=== RUN   TestUpdateCoordinatorReleaseUsesInstallerOnlyForStrictlyNewerVersion
=== RUN   TestUpdateCoordinatorReleaseUsesInstallerOnlyForStrictlyNewerVersion/newer_release
=== RUN   TestUpdateCoordinatorReleaseUsesInstallerOnlyForStrictlyNewerVersion/same_release
=== RUN   TestUpdateCoordinatorReleaseUsesInstallerOnlyForStrictlyNewerVersion/older_release
--- PASS: TestUpdateCoordinatorReleaseUsesInstallerOnlyForStrictlyNewerVersion (0.00s)
    --- PASS: TestUpdateCoordinatorReleaseUsesInstallerOnlyForStrictlyNewerVersion/newer_release (0.00s)
    --- PASS: TestUpdateCoordinatorReleaseUsesInstallerOnlyForStrictlyNewerVersion/same_release (0.00s)
    --- PASS: TestUpdateCoordinatorReleaseUsesInstallerOnlyForStrictlyNewerVersion/older_release (0.00s)
=== RUN   TestUpdateCoordinatorHomebrewRunsChannelCommands
=== RUN   TestUpdateCoordinatorHomebrewRunsChannelCommands/stable_upgrade
=== RUN   TestUpdateCoordinatorHomebrewRunsChannelCommands/stable_switches_to_beta_even_when_selected_prerelease_is_older
=== RUN   TestUpdateCoordinatorHomebrewRunsChannelCommands/beta_upgrade
=== RUN   TestUpdateCoordinatorHomebrewRunsChannelCommands/beta_switches_to_stable_even_when_stable_is_older
--- PASS: TestUpdateCoordinatorHomebrewRunsChannelCommands (0.00s)
    --- PASS: TestUpdateCoordinatorHomebrewRunsChannelCommands/stable_upgrade (0.00s)
    --- PASS: TestUpdateCoordinatorHomebrewRunsChannelCommands/stable_switches_to_beta_even_when_selected_prerelease_is_older (0.00s)
    --- PASS: TestUpdateCoordinatorHomebrewRunsChannelCommands/beta_upgrade (0.00s)
    --- PASS: TestUpdateCoordinatorHomebrewRunsChannelCommands/beta_switches_to_stable_even_when_stable_is_older (0.00s)
=== RUN   TestUpdateCoordinatorHomebrewSwitchRollsBackAndReportsBothOutcomes
=== RUN   TestUpdateCoordinatorHomebrewSwitchRollsBackAndReportsBothOutcomes/stable_to_beta_restores_stable_after_beta_install_fails
=== RUN   TestUpdateCoordinatorHomebrewSwitchRollsBackAndReportsBothOutcomes/beta_to_stable_reports_rollback_failure
--- PASS: TestUpdateCoordinatorHomebrewSwitchRollsBackAndReportsBothOutcomes (0.00s)
    --- PASS: TestUpdateCoordinatorHomebrewSwitchRollsBackAndReportsBothOutcomes/stable_to_beta_restores_stable_after_beta_install_fails (0.00s)
    --- PASS: TestUpdateCoordinatorHomebrewSwitchRollsBackAndReportsBothOutcomes/beta_to_stable_reports_rollback_failure (0.00s)
=== RUN   TestUpdateCoordinatorDevelopmentBuildRejectsBeforeNetworkOrCommands
--- PASS: TestUpdateCoordinatorDevelopmentBuildRejectsBeforeNetworkOrCommands (0.00s)
=== RUN   TestUpdateCoordinatorCheckNeverRunsCommandOrInstaller
=== RUN   TestUpdateCoordinatorCheckNeverRunsCommandOrInstaller/release
=== RUN   TestUpdateCoordinatorCheckNeverRunsCommandOrInstaller/homebrew
--- PASS: TestUpdateCoordinatorCheckNeverRunsCommandOrInstaller (0.00s)
    --- PASS: TestUpdateCoordinatorCheckNeverRunsCommandOrInstaller/release (0.00s)
    --- PASS: TestUpdateCoordinatorCheckNeverRunsCommandOrInstaller/homebrew (0.00s)
=== RUN   TestUpdateCoordinatorRejectsInvalidFormalVersionBeforeReleaseCheck
--- PASS: TestUpdateCoordinatorRejectsInvalidFormalVersionBeforeReleaseCheck (0.00s)
=== RUN   TestUpdateCoordinatorPreservesDetectorAndCheckerFailures
=== RUN   TestUpdateCoordinatorPreservesDetectorAndCheckerFailures/source_detector
=== RUN   TestUpdateCoordinatorPreservesDetectorAndCheckerFailures/release_checker
--- PASS: TestUpdateCoordinatorPreservesDetectorAndCheckerFailures (0.00s)
    --- PASS: TestUpdateCoordinatorPreservesDetectorAndCheckerFailures/source_detector (0.00s)
    --- PASS: TestUpdateCoordinatorPreservesDetectorAndCheckerFailures/release_checker (0.00s)
PASS
ok  	github.com/FlanChanXwO/pixiv-cli/internal/update	0.124s
