all original fixture fields unchanged after removing only additive classification/provenance metadata
305 original input/outcome rows, nulls, ordering, errors, command argv and rollback behavior unchanged
prior test/fixture/log/manifests archived and original SHA verified: /tmp/updater-coordinator-before-metadata-20261010T162912Z
canonical original-field SHA256: 75a2c42a57fd29c0b18b018a52aa1bd429f1b7abcb043854015105763bb6cc45
durable repository baseline verified: 434 production/module, 110 published fixtures (108 JSON / 2 PEM)
classification: {'behavioral_contract': 296, 'go_representation_only': 9}
representation-only rows: ["coordinator_constructor/both", "coordinator_constructor/detector", "coordinator_constructor/checker", "coordinator_constructor/none", "coordinator_nil", "automatic_constructor/both", "automatic_constructor/detector", "automatic_constructor/checker", "automatic_nil"]
language-specific concrete Go type/unwrap graph metadata retained for 98 error-bearing rows
{
  "frozen_at_utc": "2026-10-10T16:31:27.082003+00:00",
  "base_sha": "0e5f42273f69067bf2e06a130c926c4d58557fb4",
  "frozen_go": "4b4426487ef18bed276706daec385e0d0a6979f9",
  "toolchain": "go1.27.1 linux/amd64",
  "schema_version": 1,
  "case_count": 305,
  "operation_counts": {
    "coordinator": 225,
    "coordinator_constructor": 4,
    "coordinator_nil": 1,
    "automatic_constructor": 4,
    "automatic_nil": 1,
    "automatic": 70
  },
  "evidence_scope_counts": {
    "behavioral_contract": 296,
    "go_representation_only": 9
  },
  "representation_only_rows": [
    "coordinator_constructor/both",
    "coordinator_constructor/detector",
    "coordinator_constructor/checker",
    "coordinator_constructor/none",
    "coordinator_nil",
    "automatic_constructor/both",
    "automatic_constructor/detector",
    "automatic_constructor/checker",
    "automatic_nil"
  ],
  "language_specific_error_metadata_rows": 98,
  "source_guard_count": 24,
  "preservation_baseline": {
    "path": "docs/migration/provenance/updater-contracts-baseline.json",
    "sha256": "d36a8ee61c519b74211b7def61a2425e6126278d8ea13d8b24e40392b3f03edd",
    "production_count": 434,
    "fixture_count": 110
  },
  "preserved_production_count": 434,
  "preserved_fixture_count": 110,
  "previous_evidence_archive": "/tmp/updater-coordinator-before-metadata-20261010T162912Z",
  "original_field_canonical_sha256": "75a2c42a57fd29c0b18b018a52aa1bd429f1b7abcb043854015105763bb6cc45",
  "non_label_fixture_fields_unchanged": true,
  "owned_files": {
    "internal/update/migration_coordinator_connected_test.go": {
      "sha256": "0484b6aecb7a0bf4048909930802e5d96bfbb96fe8c4945d141b566dfad5421e",
      "bytes": 38017
    },
    "crates/pixiv-cli/tests/fixtures/updater-coordinator.json": {
      "sha256": "659ad6b84a579498b28c625daf263210bca102b1d94ea693ff00505c8452ab52",
      "bytes": 622419
    }
  },
  "checks": {
    "metadata_capture": "PASS",
    "three_replays": "PASS",
    "go_test_internal_update": "PASS",
    "go_vet_internal_update_all": "PASS",
    "gofmt": "PASS",
    "git_diff_check": "PASS",
    "durable_preservation": "PASS",
    "non_label_field_comparison": "PASS"
  },
  "logs": {
    "/tmp/updater-coordinator-metadata-capture.log": {
      "sha256": "4a46a7ec9590ea8dde16e6e1bf991c80cf4a71dca280bdb14e54eeed08e85e3c",
      "bytes": 71017
    },
    "/tmp/updater-coordinator-metadata-gofmt.log": {
      "sha256": "e3b0c44298fc1c149afbf4c8996fb92427ae41e4649b934ca495991b7852b855",
      "bytes": 0
    },
    "/tmp/updater-coordinator-metadata-related-go.log": {
      "sha256": "bf49a16cd9d4f0d96a476cb39a28706ae8d79deb81728fc26a229e2e46f4c5d5",
      "bytes": 76003
    },
    "/tmp/updater-coordinator-metadata-replay-1.log": {
      "sha256": "147c5c12aae7a20543fa1e2005aa6bd54f5c608b201ad68e250c91d99bdee42a",
      "bytes": 71017
    },
    "/tmp/updater-coordinator-metadata-replay-2.log": {
      "sha256": "9e105ed77e21d98bd6bf98a4436916cdde786a86dfd0dff3c651c02279d2630d",
      "bytes": 71017
    },
    "/tmp/updater-coordinator-metadata-replay-3.log": {
      "sha256": "ec83e0a31979fb47ee04569dd213afff45edc7dd946a8c6e6d4b01d82910164f",
      "bytes": 71017
    },
    "/tmp/updater-coordinator-metadata-vet.log": {
      "sha256": "e3b0c44298fc1c149afbf4c8996fb92427ae41e4649b934ca495991b7852b855",
      "bytes": 0
    }
  }
}
