=== RUN   TestVerifyArchiveChecksumAllowsFixedInstallerAssets
--- PASS: TestVerifyArchiveChecksumAllowsFixedInstallerAssets (0.00s)
=== RUN   TestSelectReleaseAssetsRejectsMissingAndDuplicateSidecars
=== PAUSE TestSelectReleaseAssetsRejectsMissingAndDuplicateSidecars
=== RUN   TestVerifyChecksumsManifestRejectsTampering
=== PAUSE TestVerifyChecksumsManifestRejectsTampering
=== RUN   TestReleaseAssetDownloadRetriesRemainingSourcesAfterPreferredSourceFails
=== PAUSE TestReleaseAssetDownloadRetriesRemainingSourcesAfterPreferredSourceFails
=== RUN   TestReleaseAssetDownloadReportsEverySourceFailure
=== PAUSE TestReleaseAssetDownloadReportsEverySourceFailure
=== RUN   TestDetectInstallSourceDevelopmentAvoidsSystemAccess
--- PASS: TestDetectInstallSourceDevelopmentAvoidsSystemAccess (0.00s)
=== RUN   TestDetectInstallSourceHomebrewKeg
=== RUN   TestDetectInstallSourceHomebrewKeg/stable_formula
=== RUN   TestDetectInstallSourceHomebrewKeg/beta_formula
--- PASS: TestDetectInstallSourceHomebrewKeg (0.00s)
    --- PASS: TestDetectInstallSourceHomebrewKeg/stable_formula (0.00s)
    --- PASS: TestDetectInstallSourceHomebrewKeg/beta_formula (0.00s)
=== RUN   TestDetectInstallSourceGoInstallWithExplicitGOBIN
--- PASS: TestDetectInstallSourceGoInstallWithExplicitGOBIN (0.00s)
=== RUN   TestDetectInstallSourceDoesNotMistakeGoBuildForGoInstall
=== RUN   TestDetectInstallSourceDoesNotMistakeGoBuildForGoInstall/matching_module_outside_GOBIN
=== RUN   TestDetectInstallSourceDoesNotMistakeGoBuildForGoInstall/GOBIN_executable_with_another_main_module
=== RUN   TestDetectInstallSourceDoesNotMistakeGoBuildForGoInstall/GOBIN_executable_without_build_info
--- PASS: TestDetectInstallSourceDoesNotMistakeGoBuildForGoInstall (0.00s)
    --- PASS: TestDetectInstallSourceDoesNotMistakeGoBuildForGoInstall/matching_module_outside_GOBIN (0.00s)
    --- PASS: TestDetectInstallSourceDoesNotMistakeGoBuildForGoInstall/GOBIN_executable_with_another_main_module (0.00s)
    --- PASS: TestDetectInstallSourceDoesNotMistakeGoBuildForGoInstall/GOBIN_executable_without_build_info (0.00s)
=== RUN   TestWriteReleaseCachePreservesNewSourceWhenReplacementRecoveryIsUnresolved
--- PASS: TestWriteReleaseCachePreservesNewSourceWhenReplacementRecoveryIsUnresolved (0.00s)
=== RUN   TestMigrationUpdaterSignedInstallFrozenContracts
    migration_connected_test.go:1227: signed install=199 detector=34 physical cache=13
--- PASS: TestMigrationUpdaterSignedInstallFrozenContracts (0.15s)
=== RUN   TestMigrationPendingWindowsCleanupFrozenContracts
=== RUN   TestMigrationPendingWindowsCleanupFrozenContracts/linux_no_operations
=== RUN   TestMigrationPendingWindowsCleanupFrozenContracts/darwin_no_operations
=== RUN   TestMigrationPendingWindowsCleanupFrozenContracts/executable_failure
=== RUN   TestMigrationPendingWindowsCleanupFrozenContracts/missing_working_directory
=== RUN   TestMigrationPendingWindowsCleanupFrozenContracts/existing_executable
=== RUN   TestMigrationPendingWindowsCleanupFrozenContracts/missing_executable
=== RUN   TestMigrationPendingWindowsCleanupFrozenContracts/missing_old
=== RUN   TestMigrationPendingWindowsCleanupFrozenContracts/missing_parent
=== RUN   TestMigrationPendingWindowsCleanupFrozenContracts/relative_executable
=== RUN   TestMigrationPendingWindowsCleanupFrozenContracts/quoted_executable
=== RUN   TestMigrationPendingWindowsCleanupFrozenContracts/empty_old_directory
=== RUN   TestMigrationPendingWindowsCleanupFrozenContracts/nonempty_old_directory
=== RUN   TestMigrationPendingWindowsCleanupFrozenContracts/old_symlink
=== RUN   TestMigrationPendingWindowsCleanupFrozenContracts/dangling_old_symlink
=== RUN   TestMigrationPendingWindowsCleanupFrozenContracts/final_executable_symlink
=== RUN   TestMigrationPendingWindowsCleanupFrozenContracts/relative_symlink_chain
=== RUN   TestMigrationPendingWindowsCleanupFrozenContracts/intermediate_directory_symlink
=== RUN   TestMigrationPendingWindowsCleanupFrozenContracts/clean_before_symlink_resolution
=== RUN   TestMigrationPendingWindowsCleanupFrozenContracts/executable_symlink_target_trailing_separator
=== RUN   TestMigrationPendingWindowsCleanupFrozenContracts/executable_symlink_target_trailing_dot
=== RUN   TestMigrationPendingWindowsCleanupFrozenContracts/dangling_executable_symlink
=== RUN   TestMigrationPendingWindowsCleanupFrozenContracts/cyclic_executable_symlink
=== RUN   TestMigrationPendingWindowsCleanupFrozenContracts/lstat_not_directory_is_ignored
=== RUN   TestMigrationPendingWindowsCleanupFrozenContracts/remove_failure
=== RUN   TestMigrationPendingWindowsCleanupFrozenContracts/remove_not_exist
=== RUN   TestMigrationPendingWindowsCleanupFrozenContracts/remove_wrapped_not_exist
=== RUN   TestMigrationPendingWindowsCleanupFrozenContracts/long_executable_symlink_chain
--- PASS: TestMigrationPendingWindowsCleanupFrozenContracts (0.00s)
    --- PASS: TestMigrationPendingWindowsCleanupFrozenContracts/linux_no_operations (0.00s)
    --- PASS: TestMigrationPendingWindowsCleanupFrozenContracts/darwin_no_operations (0.00s)
    --- PASS: TestMigrationPendingWindowsCleanupFrozenContracts/executable_failure (0.00s)
    --- PASS: TestMigrationPendingWindowsCleanupFrozenContracts/missing_working_directory (0.00s)
    --- PASS: TestMigrationPendingWindowsCleanupFrozenContracts/existing_executable (0.00s)
    --- PASS: TestMigrationPendingWindowsCleanupFrozenContracts/missing_executable (0.00s)
    --- PASS: TestMigrationPendingWindowsCleanupFrozenContracts/missing_old (0.00s)
    --- PASS: TestMigrationPendingWindowsCleanupFrozenContracts/missing_parent (0.00s)
    --- PASS: TestMigrationPendingWindowsCleanupFrozenContracts/relative_executable (0.00s)
    --- PASS: TestMigrationPendingWindowsCleanupFrozenContracts/quoted_executable (0.00s)
    --- PASS: TestMigrationPendingWindowsCleanupFrozenContracts/empty_old_directory (0.00s)
    --- PASS: TestMigrationPendingWindowsCleanupFrozenContracts/nonempty_old_directory (0.00s)
    --- PASS: TestMigrationPendingWindowsCleanupFrozenContracts/old_symlink (0.00s)
    --- PASS: TestMigrationPendingWindowsCleanupFrozenContracts/dangling_old_symlink (0.00s)
    --- PASS: TestMigrationPendingWindowsCleanupFrozenContracts/final_executable_symlink (0.00s)
    --- PASS: TestMigrationPendingWindowsCleanupFrozenContracts/relative_symlink_chain (0.00s)
    --- PASS: TestMigrationPendingWindowsCleanupFrozenContracts/intermediate_directory_symlink (0.00s)
    --- PASS: TestMigrationPendingWindowsCleanupFrozenContracts/clean_before_symlink_resolution (0.00s)
    --- PASS: TestMigrationPendingWindowsCleanupFrozenContracts/executable_symlink_target_trailing_separator (0.00s)
    --- PASS: TestMigrationPendingWindowsCleanupFrozenContracts/executable_symlink_target_trailing_dot (0.00s)
    --- PASS: TestMigrationPendingWindowsCleanupFrozenContracts/dangling_executable_symlink (0.00s)
    --- PASS: TestMigrationPendingWindowsCleanupFrozenContracts/cyclic_executable_symlink (0.00s)
    --- PASS: TestMigrationPendingWindowsCleanupFrozenContracts/lstat_not_directory_is_ignored (0.00s)
    --- PASS: TestMigrationPendingWindowsCleanupFrozenContracts/remove_failure (0.00s)
    --- PASS: TestMigrationPendingWindowsCleanupFrozenContracts/remove_not_exist (0.00s)
    --- PASS: TestMigrationPendingWindowsCleanupFrozenContracts/remove_wrapped_not_exist (0.00s)
    --- PASS: TestMigrationPendingWindowsCleanupFrozenContracts/long_executable_symlink_chain (0.00s)
=== CONT  TestSelectReleaseAssetsRejectsMissingAndDuplicateSidecars
--- PASS: TestSelectReleaseAssetsRejectsMissingAndDuplicateSidecars (0.00s)
=== CONT  TestVerifyChecksumsManifestRejectsTampering
=== CONT  TestReleaseAssetDownloadRetriesRemainingSourcesAfterPreferredSourceFails
=== CONT  TestReleaseAssetDownloadReportsEverySourceFailure
--- PASS: TestVerifyChecksumsManifestRejectsTampering (0.00s)
--- PASS: TestReleaseAssetDownloadReportsEverySourceFailure (0.00s)
--- PASS: TestReleaseAssetDownloadRetriesRemainingSourcesAfterPreferredSourceFails (0.00s)
PASS
ok  	github.com/FlanChanXwO/pixiv-cli/internal/update/installer	0.166s
=== RUN   TestReplaceFileReplacesTargetAndRemovesSource
--- PASS: TestReplaceFileReplacesTargetAndRemovesSource (0.00s)
=== RUN   TestReplaceFileReportsMissingSource
--- PASS: TestReplaceFileReportsMissingSource (0.00s)
=== RUN   TestReplaceDelegatesToReplaceFile
--- PASS: TestReplaceDelegatesToReplaceFile (0.00s)
PASS
ok  	github.com/FlanChanXwO/pixiv-cli/internal/storage/file/replace	0.004s
